Archive member included to satisfy reference by file (symbol)

d:/atmel studio/7.0/toolchain/avr8/avr8-gnu-toolchain/bin/../lib/gcc/avr/5.4.0/../../../../avr/lib/avr6\libm.a(fixsfsi.o)
                              PacketAssembly.o (__fixsfsi)
d:/atmel studio/7.0/toolchain/avr8/avr8-gnu-toolchain/bin/../lib/gcc/avr/5.4.0/../../../../avr/lib/avr6\libm.a(fixunssfsi.o)
                              d:/atmel studio/7.0/toolchain/avr8/avr8-gnu-toolchain/bin/../lib/gcc/avr/5.4.0/../../../../avr/lib/avr6\libm.a(fixsfsi.o) (__fixunssfsi)
d:/atmel studio/7.0/toolchain/avr8/avr8-gnu-toolchain/bin/../lib/gcc/avr/5.4.0/../../../../avr/lib/avr6\libm.a(fp_split3.o)
                              d:/atmel studio/7.0/toolchain/avr8/avr8-gnu-toolchain/bin/../lib/gcc/avr/5.4.0/../../../../avr/lib/avr6\libm.a(fixunssfsi.o) (__fp_splitA)
d:/atmel studio/7.0/toolchain/avr8/avr8-gnu-toolchain/bin/../lib/gcc/avr/5.4.0/../../../../avr/lib/avr6\libm.a(fp_zero.o)
                              d:/atmel studio/7.0/toolchain/avr8/avr8-gnu-toolchain/bin/../lib/gcc/avr/5.4.0/../../../../avr/lib/avr6\libm.a(fixunssfsi.o) (__fp_zero)
../drivers\libIotLibrary.a(hal.o)
                              main.o (hal_create)
../drivers\libIotLibrary.a(hih8120.o)
                              HumidityTemperatureSensor.o (hih8120Create)
../drivers\libIotLibrary.a(led.o)
                              ../drivers\libIotLibrary.a(hal.o) (led_create)
../drivers\libIotLibrary.a(lora_driver.o)
                              loraWANHandler.o (lora_driver_flush_buffers)
../drivers\libIotLibrary.a(lora_driver_utils.o)
                              ../drivers\libIotLibrary.a(lora_driver.o) (decode_port_no)
../drivers\libIotLibrary.a(mega_register_access.o)
                              ../drivers\libIotLibrary.a(hal.o) (reg_read_register)
../drivers\libIotLibrary.a(mh_z19.o)
                              CO2Sensor.o (mh_z19_create)
../drivers\libIotLibrary.a(rcServo.o)
                              ServoHandler.o (rcServoSet)
../drivers\libIotLibrary.a(serial.o)
                              ../drivers\libIotLibrary.a(lora_driver.o) (serial_new_instance)
../drivers\libIotLibrary.a(stdio_driver.o)
                              main.o (stdioCreate)
../drivers\libIotLibrary.a(twi.o)
                              ../drivers\libIotLibrary.a(hih8120.o) (twiCreate)
../drivers\libIotLibrary.a(fifo.o)
                              ../drivers\libIotLibrary.a(serial.o) (fifo_init)
d:/atmel studio/7.0/toolchain/avr8/avr8-gnu-toolchain/bin/../lib/gcc/avr/5.4.0/../../../../avr/lib/avr6\libm.a(addsf3.o)
                              ../drivers\libIotLibrary.a(hih8120.o) (__subsf3)
d:/atmel studio/7.0/toolchain/avr8/avr8-gnu-toolchain/bin/../lib/gcc/avr/5.4.0/../../../../avr/lib/avr6\libm.a(addsf3x.o)
                              d:/atmel studio/7.0/toolchain/avr8/avr8-gnu-toolchain/bin/../lib/gcc/avr/5.4.0/../../../../avr/lib/avr6\libm.a(addsf3.o) (__addsf3x)
d:/atmel studio/7.0/toolchain/avr8/avr8-gnu-toolchain/bin/../lib/gcc/avr/5.4.0/../../../../avr/lib/avr6\libm.a(divsf3.o)
                              ../drivers\libIotLibrary.a(hih8120.o) (__divsf3)
d:/atmel studio/7.0/toolchain/avr8/avr8-gnu-toolchain/bin/../lib/gcc/avr/5.4.0/../../../../avr/lib/avr6\libm.a(divsf3x.o)
                              d:/atmel studio/7.0/toolchain/avr8/avr8-gnu-toolchain/bin/../lib/gcc/avr/5.4.0/../../../../avr/lib/avr6\libm.a(divsf3.o) (__divsf3x)
d:/atmel studio/7.0/toolchain/avr8/avr8-gnu-toolchain/bin/../lib/gcc/avr/5.4.0/../../../../avr/lib/avr6\libm.a(floatsisf.o)
                              ../drivers\libIotLibrary.a(hih8120.o) (__floatunsisf)
d:/atmel studio/7.0/toolchain/avr8/avr8-gnu-toolchain/bin/../lib/gcc/avr/5.4.0/../../../../avr/lib/avr6\libm.a(fp_inf.o)
                              d:/atmel studio/7.0/toolchain/avr8/avr8-gnu-toolchain/bin/../lib/gcc/avr/5.4.0/../../../../avr/lib/avr6\libm.a(addsf3x.o) (__fp_inf)
d:/atmel studio/7.0/toolchain/avr8/avr8-gnu-toolchain/bin/../lib/gcc/avr/5.4.0/../../../../avr/lib/avr6\libm.a(fp_nan.o)
                              d:/atmel studio/7.0/toolchain/avr8/avr8-gnu-toolchain/bin/../lib/gcc/avr/5.4.0/../../../../avr/lib/avr6\libm.a(addsf3x.o) (__fp_nan)
d:/atmel studio/7.0/toolchain/avr8/avr8-gnu-toolchain/bin/../lib/gcc/avr/5.4.0/../../../../avr/lib/avr6\libm.a(fp_pscA.o)
                              d:/atmel studio/7.0/toolchain/avr8/avr8-gnu-toolchain/bin/../lib/gcc/avr/5.4.0/../../../../avr/lib/avr6\libm.a(addsf3x.o) (__fp_pscA)
d:/atmel studio/7.0/toolchain/avr8/avr8-gnu-toolchain/bin/../lib/gcc/avr/5.4.0/../../../../avr/lib/avr6\libm.a(fp_pscB.o)
                              d:/atmel studio/7.0/toolchain/avr8/avr8-gnu-toolchain/bin/../lib/gcc/avr/5.4.0/../../../../avr/lib/avr6\libm.a(addsf3x.o) (__fp_pscB)
d:/atmel studio/7.0/toolchain/avr8/avr8-gnu-toolchain/bin/../lib/gcc/avr/5.4.0/../../../../avr/lib/avr6\libm.a(fp_round.o)
[...]
Memory Configuration

Name             Origin             Length             Attributes
text             0x00000000         0x00100000         xr
data             0x00800200         0x0000fe00         rw !x
eeprom           0x00810000         0x00010000         rw !x
fuse             0x00820000         0x00000003         rw !x
lock             0x00830000         0x00000400         rw !x
signature        0x00840000         0x00000400         rw !x
user_signatures  0x00850000         0x00000400         rw !x
*default*        0x00000000         0xffffffff

Linker script and memory map

Address of section .data set to 0x800200
LOAD D:/Atmel studio/7.0/Packs/atmel/ATmega_DFP/1.3.300/gcc/dev/atmega2560/avr6/crtatmega2560.o
LOAD CO2Sensor.o
LOAD loraWANHandler.o
LOAD PacketAssembly.o
LOAD ResourceHandler.o
LOAD ServoHandler.o
LOAD FreeRTOS/FreeRTOSTraceDriver/FreeRTOSTraceDriver.o
LOAD FreeRTOS/src/croutine.o
LOAD FreeRTOS/src/event_groups.o
LOAD FreeRTOS/src/heap_4.o
LOAD FreeRTOS/src/list.o
LOAD FreeRTOS/src/port.o
LOAD FreeRTOS/src/queue.o
LOAD FreeRTOS/src/stream_buffer.o
LOAD FreeRTOS/src/tasks.o
LOAD FreeRTOS/src/timers.o
LOAD FreeRTOS/src/variantHooks.o
LOAD HumidityTemperatureSensor.o
LOAD main.o
START GROUP
LOAD d:/atmel studio/7.0/toolchain/avr8/avr8-gnu-toolchain/bin/../lib/gcc/avr/5.4.0/../../../../avr/lib/avr6\libm.a
LOAD ../drivers\libIotLibrary.a
END GROUP
START GROUP
LOAD d:/atmel studio/7.0/toolchain/avr8/avr8-gnu-toolchain/bin/../lib/gcc/avr/5.4.0/avr6\libgcc.a
LOAD d:/atmel studio/7.0/toolchain/avr8/avr8-gnu-toolchain/bin/../lib/gcc/avr/5.4.0/../../../../avr/lib/avr6\libm.a
LOAD d:/atmel studio/7.0/toolchain/avr8/avr8-gnu-toolchain/bin/../lib/gcc/avr/5.4.0/../../../../avr/lib/avr6\libc.a
LOAD D:/Atmel studio/7.0/Packs/atmel/ATmega_DFP/1.3.300/gcc/dev/atmega2560/avr6\libatmega2560.a
END GROUP
                0x00000000                __TEXT_REGION_ORIGIN__ = DEFINED (__TEXT_REGION_ORIGIN__)?__TEXT_REGION_ORIGIN__:0x0
                0x00800200                __DATA_REGION_ORIGIN__ = DEFINED (__DATA_REGION_ORIGIN__)?__DATA_REGION_ORIGIN__:0x800200
                0x00100000                __TEXT_REGION_LENGTH__ = DEFINED (__TEXT_REGION_LENGTH__)?__TEXT_REGION_LENGTH__:0x100000
                0x0000fe00                __DATA_REGION_LENGTH__ = DEFINED (__DATA_REGION_LENGTH__)?__DATA_REGION_LENGTH__:0xfe00
                0x00010000                __EEPROM_REGION_LENGTH__ = DEFINED (__EEPROM_REGION_LENGTH__)?__EEPROM_REGION_LENGTH__:0x10000
                [0x00000003]                __FUSE_REGION_LENGTH__ = DEFINED (__FUSE_REGION_LENGTH__)?__FUSE_REGION_LENGTH__:0x400
                0x00000400                __LOCK_REGION_LENGTH__ = DEFINED (__LOCK_REGION_LENGTH__)?__LOCK_REGION_LENGTH__:0x400
                0x00000400                __SIGNATURE_REGION_LENGTH__ = DEFINED (__SIGNATURE_REGION_LENGTH__)?__SIGNATURE_REGION_LENGTH__:0x400
                0x00000400                __USER_SIGNATURE_REGION_LENGTH__ = DEFINED (__USER_SIGNATURE_REGION_LENGTH__)?__USER_SIGNATURE_REGION_LENGTH__:0x400

.hash
 *(.hash)

.dynsym
 *(.dynsym)

.dynstr
 *(.dynstr)

.gnu.version
 *(.gnu.version)

.gnu.version_d
 *(.gnu.version_d)

.gnu.version_r
 *(.gnu.version_r)

.rel.init
 *(.rel.init)

.rela.init
 *(.rela.init)

.rel.text
 *(.rel.text)
 *(.rel.text.*)
 *(.rel.gnu.linkonce.t*)

.rela.text
 *(.rela.text)
 *(.rela.text.*)
 *(.rela.gnu.linkonce.t*)

.rel.fini
 *(.rel.fini)

.rela.fini
 *(.rela.fini)

.rel.rodata
 *(.rel.rodata)
 *(.rel.rodata.*)
 *(.rel.gnu.linkonce.r*)

.rela.rodata
 *(.rela.rodata)
 *(.rela.rodata.*)
 *(.rela.gnu.linkonce.r*)

.rel.data
 *(.rel.data)
 *(.rel.data.*)
 *(.rel.gnu.linkonce.d*)

.rela.data
 *(.rela.data)
 *(.rela.data.*)
 *(.rela.gnu.linkonce.d*)

.rel.ctors
 *(.rel.ctors)

.rela.ctors
 *(.rela.ctors)

.rel.dtors
 *(.rel.dtors)

.rela.dtors
 *(.rela.dtors)

.rel.got
 *(.rel.got)

.rela.got
 *(.rela.got)

.rel.bss
 *(.rel.bss)

.rela.bss
 *(.rela.bss)

.rel.plt
 *(.rel.plt)

.rela.plt
 *(.rela.plt)

.text           0x00000000     0x6074
 *(.vectors)
 .vectors       0x00000000       0xe4 D:/Atmel studio/7.0/Packs/atmel/ATmega_DFP/1.3.300/gcc/dev/atmega2560/avr6/crtatmega2560.o
                0x00000000                __vector_default
                0x00000000                __vectors
 *(.vectors)
 *(.progmem.gcc*)
 .progmem.gcc_sw_table
                0x000000e4       0x14 FreeRTOS/src/timers.o
 .progmem.gcc_sw_table.__vector_39
                0x000000f8       0xa2 ../drivers\libIotLibrary.a(twi.o)
                0x0000019a                . = ALIGN (0x2)
                0x0000019a                __trampolines_start = .
 *(.trampolines)
 .trampolines   0x0000019a        0x0 linker stubs
 *(.trampolines*)
                0x0000019a                __trampolines_end = .
 *libprintf_flt.a:*(.progmem.data)
 *libc.a:*(.progmem.data)
 *(.progmem*)
                0x0000019a                . = ALIGN (0x2)
 *(.jumptables)
 *(.jumptables*)
 *(.lowtext)
 .lowtext       0x0000019a       0x6e FreeRTOS/src/tasks.o
 .lowtext       0x00000208      0x28c FreeRTOS/src/timers.o
 *(.lowtext*)
                0x00000494                __ctors_start = .
 *(.ctors)
                0x00000494                __ctors_end = .
                0x00000494                __dtors_start = .
 *(.dtors)
                0x00000494                __dtors_end = .
 SORT(*)(.ctors)
 SORT(*)(.dtors)
 *(.init0)
 .init0         0x00000494        0x0 D:/Atmel studio/7.0/Packs/atmel/ATmega_DFP/1.3.300/gcc/dev/atmega2560/avr6/crtatmega2560.o
                0x00000494                __init
 *(.init0)
 *(.init1)
 *(.init1)
 *(.init2)
 .init2         0x00000494       0x10 D:/Atmel studio/7.0/Packs/atmel/ATmega_DFP/1.3.300/gcc/dev/atmega2560/avr6/crtatmega2560.o
 *(.init2)
 *(.init3)
 *(.init3)
 *(.init4)
 .init4         0x000004a4       0x1a d:/atmel studio/7.0/toolchain/avr8/avr8-gnu-toolchain/bin/../lib/gcc/avr/5.4.0/avr6\libgcc.a(_copy_data.o)
                0x000004a4                __do_copy_data
 .init4         0x000004be       0x10 d:/atmel studio/7.0/toolchain/avr8/avr8-gnu-toolchain/bin/../lib/gcc/avr/5.4.0/avr6\libgcc.a(_clear_bss.o)
                0x000004be                __do_clear_bss
 *(.init4)
 *(.init5)
 *(.init5)
 *(.init6)
 *(.init6)
 *(.init7)
 *(.init7)
 *(.init8)
 *(.init8)
 *(.init9)
 .init9         0x000004ce        0x8 D:/Atmel studio/7.0/Packs/atmel/ATmega_DFP/1.3.300/gcc/dev/atmega2560/avr6/crtatmega2560.o
 *(.init9)
 *(.text)
 .text          0x000004d6        0x2 D:/Atmel studio/7.0/Packs/atmel/ATmega_DFP/1.3.300/gcc/dev/atmega2560/avr6/crtatmega2560.o
                0x000004d6                __vector_38
                0x000004d6                __vector_22
                0x000004d6                __vector_28
                0x000004d6                __vector_1
                0x000004d6                __vector_32
                0x000004d6                __vector_34
                0x000004d6                __vector_24
                0x000004d6                __vector_46
                0x000004d6                __bad_interrupt
                0x000004d6                __vector_6
                0x000004d6                __vector_31
                0x000004d6                __vector_35
                0x000004d6                __vector_3
                0x000004d6                __vector_23
                0x000004d6                __vector_30
                0x000004d6                __vector_45
                0x000004d6                __vector_11
                0x000004d6                __vector_13
                0x000004d6                __vector_17
                0x000004d6                __vector_19
                0x000004d6                __vector_56
                0x000004d6                __vector_7
                0x000004d6                __vector_49
                0x000004d6                __vector_41
                0x000004d6                __vector_43
                0x000004d6                __vector_27
                0x000004d6                __vector_5
                0x000004d6                __vector_33
                0x000004d6                __vector_47
                0x000004d6                __vector_4
                0x000004d6                __vector_44
                0x000004d6                __vector_9
                0x000004d6                __vector_2
                0x000004d6                __vector_21
                0x000004d6                __vector_15
                0x000004d6                __vector_29
                0x000004d6                __vector_40
                0x000004d6                __vector_8
                0x000004d6                __vector_48
                0x000004d6                __vector_14
                0x000004d6                __vector_53
                0x000004d6                __vector_10
                0x000004d6                __vector_50
                0x000004d6                __vector_16
                0x000004d6                __vector_18
                0x000004d6                __vector_20
                0x000004d6                __vector_42
                0x000004d8                . = ALIGN (0x2)
 *(.text.*)
 .text.CO2_handler_task
                0x000004d8       0x6e CO2Sensor.o
                0x000004d8                CO2_handler_task
 .text.CO2Sensor_create
                0x00000546       0x32 CO2Sensor.o
                0x00000546                CO2Sensor_create
 .text.lora_send_task_create
                0x00000578       0x28 loraWANHandler.o
                0x00000578                lora_send_task_create
 .text.lora_setup
                0x000005a0      0x194 loraWANHandler.o
                0x000005a0                lora_setup
 .text.lora_send_task
                0x00000734       0xea loraWANHandler.o
                0x00000734                lora_send_task
 .text.packet_assembly_task
                0x0000081e       0x9a PacketAssembly.o
                0x0000081e                packet_assembly_task
 .text.PacketAssembly_create
                0x000008b8       0x28 PacketAssembly.o
                0x000008b8                PacketAssembly_create
 .text.getCO2   0x000008e0       0x26 ResourceHandler.o
                0x000008e0                getCO2
 .text.setCO2   0x00000906       0x4c ResourceHandler.o
                0x00000906                setCO2
 .text.getHumidity
                0x00000952       0x2e ResourceHandler.o
                0x00000952                getHumidity
 .text.setHumidity
                0x00000980       0x5e ResourceHandler.o
                0x00000980                setHumidity
 .text.getTemperature
                0x000009de       0x2e ResourceHandler.o
                0x000009de                getTemperature
 .text.setTemperature
                0x00000a0c       0x5e ResourceHandler.o
                0x00000a0c                setTemperature
 .text.init_resources
                0x00000a6a       0x10 ResourceHandler.o
                0x00000a6a                init_resources
 .text.ServoHandler_create
                0x00000a7a       0x2c ServoHandler.o
                0x00000a7a                ServoHandler_create
 .text.flushDownlink
                0x00000aa6        0xa ServoHandler.o
                0x00000aa6                flushDownlink
 .text.Servo_handler_task
                0x00000ab0       0x4e ServoHandler.o
                0x00000ab0                Servo_handler_task
 .text.trace_init
                0x00000afe        0xc FreeRTOS/FreeRTOSTraceDriver/FreeRTOSTraceDriver.o
                0x00000afe                trace_init
 .text.task_switch_in
                0x00000b0a       0x14 FreeRTOS/FreeRTOSTraceDriver/FreeRTOSTraceDriver.o
                0x00000b0a                task_switch_in
 .text.task_switch_out
                0x00000b1e        0xc FreeRTOS/FreeRTOSTraceDriver/FreeRTOSTraceDriver.o
                0x00000b1e                task_switch_out
 .text.xEventGroupCreate
                0x00000b2a       0x26 FreeRTOS/src/event_groups.o
                0x00000b2a                xEventGroupCreate
 .text.xEventGroupWaitBits
                0x00000b50      0x180 FreeRTOS/src/event_groups.o
                0x00000b50                xEventGroupWaitBits
 .text.xEventGroupSetBits
                0x00000cd0      0x132 FreeRTOS/src/event_groups.o
                0x00000cd0                xEventGroupSetBits
 .text.prvInsertBlockIntoFreeList
                0x00000e02       0x9a FreeRTOS/src/heap_4.o
 .text.pvPortMalloc
                0x00000e9c      0x172 FreeRTOS/src/heap_4.o
                0x00000e9c                pvPortMalloc
 .text.vPortFree
                0x0000100e       0x62 FreeRTOS/src/heap_4.o
                0x0000100e                vPortFree
 .text.vListInitialise
                0x00001070       0x22 FreeRTOS/src/list.o
                0x00001070                vListInitialise
 .text.vListInitialiseItem
                0x00001092        0x8 FreeRTOS/src/list.o
                0x00001092                vListInitialiseItem
 .text.vListInsertEnd
                0x0000109a       0x42 FreeRTOS/src/list.o
                0x0000109a                vListInsertEnd
 .text.vListInsert
                0x000010dc       0x7a FreeRTOS/src/list.o
                0x000010dc                vListInsert
 .text.uxListRemove
                0x00001156       0x4e FreeRTOS/src/list.o
                0x00001156                uxListRemove
 .text.pxPortInitialiseStack
                0x000011a4       0xe4 FreeRTOS/src/port.o
                0x000011a4                pxPortInitialiseStack
 .text.xPortStartScheduler
                0x00001288       0x78 FreeRTOS/src/port.o
                0x00001288                xPortStartScheduler
 .text.vPortYield
                0x00001300       0xc2 FreeRTOS/src/port.o
                0x00001300                vPortYield
 .text.vPortYieldFromTick
                0x000013c2       0xca FreeRTOS/src/port.o
                0x000013c2                vPortYieldFromTick
 .text.__vector_12
                0x0000148c        0x4 FreeRTOS/src/port.o
                0x0000148c                __vector_12
 .text.prvIsQueueEmpty
                0x00001490       0x16 FreeRTOS/src/queue.o
 .text.prvCopyDataToQueue
                0x000014a6       0xbe FreeRTOS/src/queue.o
 .text.prvCopyDataFromQueue
                0x00001564       0x34 FreeRTOS/src/queue.o
 .text.prvUnlockQueue
                0x00001598       0x9a FreeRTOS/src/queue.o
 .text.xQueueGenericReset
                0x00001632       0x86 FreeRTOS/src/queue.o
                0x00001632                xQueueGenericReset
 .text.xQueueGenericCreate
                0x000016b8       0x5c FreeRTOS/src/queue.o
                0x000016b8                xQueueGenericCreate
 .text.xQueueGenericSend
                0x00001714      0x140 FreeRTOS/src/queue.o
                0x00001714                xQueueGenericSend
 .text.xQueueCreateMutex
                0x00001854       0x36 FreeRTOS/src/queue.o
                0x00001854                xQueueCreateMutex
 .text.xQueueGenericSendFromISR
                0x0000188a       0x72 FreeRTOS/src/queue.o
                0x0000188a                xQueueGenericSendFromISR
 .text.xQueueReceive
                0x000018fc      0x132 FreeRTOS/src/queue.o
                0x000018fc                xQueueReceive
 .text.xQueueSemaphoreTake
                0x00001a2e      0x19a FreeRTOS/src/queue.o
                0x00001a2e                xQueueSemaphoreTake
 .text.vQueueWaitForMessageRestricted
                0x00001bc8       0x36 FreeRTOS/src/queue.o
                0x00001bc8                vQueueWaitForMessageRestricted
 .text.prvBytesInBuffer
                0x00001bfe       0x26 FreeRTOS/src/stream_buffer.o
 .text.prvWriteBytesToBuffer
                0x00001c24       0x92 FreeRTOS/src/stream_buffer.o
 .text.prvWriteMessageToBuffer
                0x00001cb6       0x80 FreeRTOS/src/stream_buffer.o
 .text.prvReadBytesFromBuffer
                0x00001d36       0x9c FreeRTOS/src/stream_buffer.o
 .text.xStreamBufferGenericCreate
                0x00001dd2       0x58 FreeRTOS/src/stream_buffer.o
                0x00001dd2                xStreamBufferGenericCreate
 .text.xStreamBufferReset
                0x00001e2a       0x5a FreeRTOS/src/stream_buffer.o
                0x00001e2a                xStreamBufferReset
 .text.xStreamBufferSpacesAvailable
                0x00001e84       0x24 FreeRTOS/src/stream_buffer.o
                0x00001e84                xStreamBufferSpacesAvailable
 .text.xStreamBufferSend
                0x00001ea8      0x156 FreeRTOS/src/stream_buffer.o
                0x00001ea8                xStreamBufferSend
 .text.xStreamBufferSendFromISR
                0x00001ffe       0x86 FreeRTOS/src/stream_buffer.o
                0x00001ffe                xStreamBufferSendFromISR
 .text.xStreamBufferReceive
                0x00002084      0x144 FreeRTOS/src/stream_buffer.o
                0x00002084                xStreamBufferReceive
 .text.prvResetNextTaskUnblockTime
                0x000021c8       0x54 FreeRTOS/src/tasks.o
 .text.prvAddCurrentTaskToDelayedList
                0x0000221c       0xee FreeRTOS/src/tasks.o
 .text.xTaskCreate
                0x0000230a      0x23e FreeRTOS/src/tasks.o
                0x0000230a                xTaskCreate
 .text.vTaskStartScheduler
                0x00002548       0x78 FreeRTOS/src/tasks.o
                0x00002548                vTaskStartScheduler
 .text.vTaskSuspendAll
                0x000025c0        0xc FreeRTOS/src/tasks.o
                0x000025c0                vTaskSuspendAll
 .text.xTaskGetTickCount
                0x000025cc       0x1c FreeRTOS/src/tasks.o
                0x000025cc                xTaskGetTickCount
 .text.xTaskIncrementTick
                0x000025e8      0x1aa FreeRTOS/src/tasks.o
                0x000025e8                xTaskIncrementTick
 .text.xTaskResumeAll
                0x00002792       0xf8 FreeRTOS/src/tasks.o
                0x00002792                xTaskResumeAll
 .text.vTaskDelayUntil
                0x0000288a       0xbc FreeRTOS/src/tasks.o
                0x0000288a                vTaskDelayUntil
 .text.vTaskDelay
                0x00002946       0x32 FreeRTOS/src/tasks.o
                0x00002946                vTaskDelay
 .text.vTaskSwitchContext
                0x00002978       0xfe FreeRTOS/src/tasks.o
                0x00002978                vTaskSwitchContext
 .text.vTaskPlaceOnEventList
                0x00002a76       0x2e FreeRTOS/src/tasks.o
                0x00002a76                vTaskPlaceOnEventList
 .text.vTaskPlaceOnUnorderedEventList
                0x00002aa4       0x48 FreeRTOS/src/tasks.o
                0x00002aa4                vTaskPlaceOnUnorderedEventList
 .text.vTaskPlaceOnEventListRestricted
                0x00002aec       0x40 FreeRTOS/src/tasks.o
                0x00002aec                vTaskPlaceOnEventListRestricted
 .text.xTaskRemoveFromEventList
                0x00002b2c       0x84 FreeRTOS/src/tasks.o
                0x00002b2c                xTaskRemoveFromEventList
 .text.vTaskRemoveFromUnorderedEventList
                0x00002bb0       0x68 FreeRTOS/src/tasks.o
                0x00002bb0                vTaskRemoveFromUnorderedEventList
 .text.vTaskSetTimeOutState
                0x00002c18       0x2c FreeRTOS/src/tasks.o
                0x00002c18                vTaskSetTimeOutState
 .text.vTaskInternalSetTimeOutState
                0x00002c44       0x22 FreeRTOS/src/tasks.o
                0x00002c44                vTaskInternalSetTimeOutState
 .text.xTaskCheckForTimeOut
                0x00002c66       0xaa FreeRTOS/src/tasks.o
                0x00002c66                xTaskCheckForTimeOut
 .text.vTaskMissedYield
                0x00002d10        0x8 FreeRTOS/src/tasks.o
                0x00002d10                vTaskMissedYield
 .text.xTaskGetCurrentTaskHandle
                0x00002d18        0xa FreeRTOS/src/tasks.o
                0x00002d18                xTaskGetCurrentTaskHandle
 .text.xTaskGetSchedulerState
                0x00002d22       0x1c FreeRTOS/src/tasks.o
                0x00002d22                xTaskGetSchedulerState
 .text.xTaskPriorityInherit
                0x00002d3e       0xdc FreeRTOS/src/tasks.o
                0x00002d3e                xTaskPriorityInherit
 .text.xTaskPriorityDisinherit
                0x00002e1a       0x80 FreeRTOS/src/tasks.o
                0x00002e1a                xTaskPriorityDisinherit
 .text.vTaskPriorityDisinheritAfterTimeout
                0x00002e9a       0x98 FreeRTOS/src/tasks.o
                0x00002e9a                vTaskPriorityDisinheritAfterTimeout
 .text.uxTaskResetEventItemValue
                0x00002f32       0x50 FreeRTOS/src/tasks.o
                0x00002f32                uxTaskResetEventItemValue
 .text.pvTaskIncrementMutexHeldCount
                0x00002f82       0x24 FreeRTOS/src/tasks.o
                0x00002f82                pvTaskIncrementMutexHeldCount
 .text.xTaskNotifyWait
                0x00002fa6      0x114 FreeRTOS/src/tasks.o
                0x00002fa6                xTaskNotifyWait
 .text.xTaskGenericNotify
                0x000030ba       0xf0 FreeRTOS/src/tasks.o
                0x000030ba                xTaskGenericNotify
 .text.xTaskGenericNotifyFromISR
                0x000031aa      0x112 FreeRTOS/src/tasks.o
                0x000031aa                xTaskGenericNotifyFromISR
 .text.xTaskNotifyStateClear
                0x000032bc       0x28 FreeRTOS/src/tasks.o
                0x000032bc                xTaskNotifyStateClear
 .text.prvInsertTimerInActiveList
                0x000032e4       0x92 FreeRTOS/src/timers.o
 .text.prvCheckForValidListAndQueue
                0x00003376       0x52 FreeRTOS/src/timers.o
 .text.xTimerCreateTimerTask
                0x000033c8       0x42 FreeRTOS/src/timers.o
                0x000033c8                xTimerCreateTimerTask
 .text.xTimerGenericCommand
                0x0000340a       0xbc FreeRTOS/src/timers.o
                0x0000340a                xTimerGenericCommand
 .text.prvSampleTimeNow
                0x000034c6      0x12c FreeRTOS/src/timers.o
 .text.vApplicationIdleHook
                0x000035f2        0x2 FreeRTOS/src/variantHooks.o
                0x000035f2                vApplicationIdleHook
 .text.vApplicationMallocFailedHook
                0x000035f4       0x1a FreeRTOS/src/variantHooks.o
                0x000035f4                vApplicationMallocFailedHook
 .text.vApplicationStackOverflowHook
                0x0000360e       0x1a FreeRTOS/src/variantHooks.o
                0x0000360e                vApplicationStackOverflowHook
 .text.hum_temp_task
                0x00003628       0xb6 HumidityTemperatureSensor.o
                0x00003628                hum_temp_task
 .text.HumidityTemperatureSensor_create
                0x000036de       0x2a HumidityTemperatureSensor.o
                0x000036de                HumidityTemperatureSensor_create
 .text.create_tasks_and_semaphores
                0x00003708       0xa2 main.o
                0x00003708                create_tasks_and_semaphores
 .text.create_event_groups_and_queues
                0x000037aa       0x44 main.o
                0x000037aa                create_event_groups_and_queues
 .text.initialiseSystem
                0x000037ee       0x48 main.o
                0x000037ee                initialiseSystem
 .text.main     0x00003836       0x20 main.o
                0x00003836                main
 .text.avr-libc.fplib
                0x00003856        0xa d:/atmel studio/7.0/toolchain/avr8/avr8-gnu-toolchain/bin/../lib/gcc/avr/5.4.0/../../../../avr/lib/avr6\libm.a(fixsfsi.o)
                0x00003856                __fixsfsi
 .text.avr-libc.fplib
                0x00003860       0x58 d:/atmel studio/7.0/toolchain/avr8/avr8-gnu-toolchain/bin/../lib/gcc/avr/5.4.0/../../../../avr/lib/avr6\libm.a(fixunssfsi.o)
                0x00003860                __fixunssfsi
 .text.avr-libc.fplib
                0x000038b8       0x44 d:/atmel studio/7.0/toolchain/avr8/avr8-gnu-toolchain/bin/../lib/gcc/avr/5.4.0/../../../../avr/lib/avr6\libm.a(fp_split3.o)
                0x000038b8                __fp_split3
                0x000038c8                __fp_splitA
 .text.avr-libc.fplib
                0x000038fc        0xe d:/atmel studio/7.0/toolchain/avr8/avr8-gnu-toolchain/bin/../lib/gcc/avr/5.4.0/../../../../avr/lib/avr6\libm.a(fp_zero.o)
                0x000038fc                __fp_zero
                0x000038fe                __fp_szero
 .text.hal_create
                0x0000390a       0x64 ../drivers\libIotLibrary.a(hal.o)
                0x0000390a                hal_create
 .text._hihTwiCallback
                0x0000396e       0x5a ../drivers\libIotLibrary.a(hih8120.o)
 .text.hih8120Create
                0x000039c8       0x30 ../drivers\libIotLibrary.a(hih8120.o)
                0x000039c8                hih8120Create
 .text.hih8120Wakeup
                0x000039f8       0x2a ../drivers\libIotLibrary.a(hih8120.o)
                0x000039f8                hih8120Wakeup
 .text.hih8120Meassure
                0x00003a22       0x22 ../drivers\libIotLibrary.a(hih8120.o)
                0x00003a22                hih8120Meassure
 .text.hih8120GetHumidity
                0x00003a44       0x2a ../drivers\libIotLibrary.a(hih8120.o)
                0x00003a44                hih8120GetHumidity
 .text.hih8120GetTemperature
                0x00003a6e       0x36 ../drivers\libIotLibrary.a(hih8120.o)
                0x00003a6e                hih8120GetTemperature
 .text._turn_off
                0x00003aa4       0x5c ../drivers\libIotLibrary.a(led.o)
 .text._turn_on
                0x00003b00       0x5c ../drivers\libIotLibrary.a(led.o)
 .text._hal_led_task
                0x00003b5c       0x84 ../drivers\libIotLibrary.a(led.o)
 .text.led_create
                0x00003be0      0x10a ../drivers\libIotLibrary.a(led.o)
                0x00003be0                led_create
 .text.led_long_puls
                0x00003cea       0x24 ../drivers\libIotLibrary.a(led.o)
                0x00003cea                led_long_puls
 .text._serial_call_back
                0x00003d0e       0x8c ../drivers\libIotLibrary.a(lora_driver.o)
 .text._upload_message
                0x00003d9a       0xb4 ../drivers\libIotLibrary.a(lora_driver.o)
 .text._reply2return_code
                0x00003e4e       0xea ../drivers\libIotLibrary.a(lora_driver.o)
 .text._upload_message_rc
                0x00003f38        0x6 ../drivers\libIotLibrary.a(lora_driver.o)
 .text.lora_driver_flush_buffers
                0x00003f3e        0xe ../drivers\libIotLibrary.a(lora_driver.o)
                0x00003f3e                lora_driver_flush_buffers
 .text.lora_driver_create
                0x00003f4c       0x86 ../drivers\libIotLibrary.a(lora_driver.o)
                0x00003f4c                lora_driver_create
 .text.lora_driver_reset_rn2483
                0x00003fd2       0x28 ../drivers\libIotLibrary.a(lora_driver.o)
                0x00003fd2                lora_driver_reset_rn2483
 .text.lora_driver_rn2483_factory_reset
                0x00003ffa       0x24 ../drivers\libIotLibrary.a(lora_driver.o)
                0x00003ffa                lora_driver_rn2483_factory_reset
 .text.lora_driver_get_rn2483_hweui
                0x0000401e       0x38 ../drivers\libIotLibrary.a(lora_driver.o)
                0x0000401e                lora_driver_get_rn2483_hweui
 .text.lora_driver_set_device_identifier
                0x00004056       0x22 ../drivers\libIotLibrary.a(lora_driver.o)
                0x00004056                lora_driver_set_device_identifier
 .text.lora_driver_set_application_identifier
                0x00004078       0x22 ../drivers\libIotLibrary.a(lora_driver.o)
                0x00004078                lora_driver_set_application_identifier
 .text.lora_driver_set_application_key
                0x0000409a       0x22 ../drivers\libIotLibrary.a(lora_driver.o)
                0x0000409a                lora_driver_set_application_key
 .text.lora_driver_save_mac
                0x000040bc        0xc ../drivers\libIotLibrary.a(lora_driver.o)
                0x000040bc                lora_driver_save_mac
 .text.lora_driver_join
                0x000040c8       0x52 ../drivers\libIotLibrary.a(lora_driver.o)
                0x000040c8                lora_driver_join
 .text.lora_driver_sent_upload_message
                0x0000411a      0x196 ../drivers\libIotLibrary.a(lora_driver.o)
                0x0000411a                lora_driver_sent_upload_message
 .text.lora_driver_set_adaptive_data_rate
                0x000042b0       0x16 ../drivers\libIotLibrary.a(lora_driver.o)
                0x000042b0                lora_driver_set_adaptive_data_rate
 .text.lora_driver_set_receive_delay
                0x000042c6       0x30 ../drivers\libIotLibrary.a(lora_driver.o)
                0x000042c6                lora_driver_set_receive_delay
 .text.lora_driver_configure_to_eu868
                0x000042f6      0x1bc ../drivers\libIotLibrary.a(lora_driver.o)
                0x000042f6                lora_driver_configure_to_eu868
 .text.lora_driver_set_otaa_identity
                0x000044b2       0x42 ../drivers\libIotLibrary.a(lora_driver.o)
                0x000044b2                lora_driver_set_otaa_identity
 .text.lora_driver_map_return_code_to_text
                0x000044f4       0x18 ../drivers\libIotLibrary.a(lora_driver.o)
                0x000044f4                lora_driver_map_return_code_to_text
 .text.decode_port_no
                0x0000450c       0x58 ../drivers\libIotLibrary.a(lora_driver_utils.o)
                0x0000450c                decode_port_no
 .text.decode_hexadecimal_string_bytes
                0x00004564       0x92 ../drivers\libIotLibrary.a(lora_driver_utils.o)
                0x00004564                decode_hexadecimal_string_bytes
 .text.reg_read_register
                0x000045f6        0x6 ../drivers\libIotLibrary.a(mega_register_access.o)
                0x000045f6                reg_read_register
 .text.reg_read_bit
                0x000045fc       0x16 ../drivers\libIotLibrary.a(mega_register_access.o)
                0x000045fc                reg_read_bit
 .text.reg_read_bits
                0x00004612        0x8 ../drivers\libIotLibrary.a(mega_register_access.o)
                0x00004612                reg_read_bits
 .text.reg_set_register
                0x0000461a        0x6 ../drivers\libIotLibrary.a(mega_register_access.o)
                0x0000461a                reg_set_register
 .text.reg_clear_register
                0x00004620        0x6 ../drivers\libIotLibrary.a(mega_register_access.o)
                0x00004620                reg_clear_register
 .text.reg_set_bit
                0x00004626       0x18 ../drivers\libIotLibrary.a(mega_register_access.o)
                0x00004626                reg_set_bit
 .text.reg_set_bits
                0x0000463e        0xa ../drivers\libIotLibrary.a(mega_register_access.o)
                0x0000463e                reg_set_bits
 .text.reg_toggle_bit
                0x00004648       0x18 ../drivers\libIotLibrary.a(mega_register_access.o)
                0x00004648                reg_toggle_bit
 .text.reg_toggle_bits
                0x00004660        0xa ../drivers\libIotLibrary.a(mega_register_access.o)
                0x00004660                reg_toggle_bits
 .text.reg_clear_bit
                0x0000466a       0x1a ../drivers\libIotLibrary.a(mega_register_access.o)
                0x0000466a                reg_clear_bit
 .text.reg_clear_bits
                0x00004684        0xc ../drivers\libIotLibrary.a(mega_register_access.o)
                0x00004684                reg_clear_bits
 .text._serial_call_back
                0x00004690       0xb6 ../drivers\libIotLibrary.a(mh_z19.o)
 .text.mh_z19_create
                0x00004746       0x5c ../drivers\libIotLibrary.a(mh_z19.o)
                0x00004746                mh_z19_create
 .text.mh_z19_take_meassuring
                0x000047a2       0x5e ../drivers\libIotLibrary.a(mh_z19.o)
                0x000047a2                mh_z19_take_meassuring
 .text.rcServoSet
                0x00004800       0x30 ../drivers\libIotLibrary.a(rcServo.o)
                0x00004800                rcServoSet
 .text.rcServoCreate
                0x00004830       0x38 ../drivers\libIotLibrary.a(rcServo.o)
                0x00004830                rcServoCreate
 .text.serial_new_instance
                0x00004868      0x12e ../drivers\libIotLibrary.a(serial.o)
                0x00004868                serial_new_instance
 .text.serial_send_byte
                0x00004996       0x4a ../drivers\libIotLibrary.a(serial.o)
                0x00004996                serial_send_byte
 .text.serial_send_bytes
                0x000049e0       0xa0 ../drivers\libIotLibrary.a(serial.o)
                0x000049e0                serial_send_bytes
 .text.serial_get_byte
                0x00004a80       0x38 ../drivers\libIotLibrary.a(serial.o)
                0x00004a80                serial_get_byte
 .text.__vector_25
                0x00004ab8       0xa4 ../drivers\libIotLibrary.a(serial.o)
                0x00004ab8                __vector_25
 .text.__vector_26
                0x00004b5c       0x88 ../drivers\libIotLibrary.a(serial.o)
                0x00004b5c                __vector_26
 .text.__vector_36
                0x00004be4       0xa4 ../drivers\libIotLibrary.a(serial.o)
                0x00004be4                __vector_36
 .text.__vector_37
                0x00004c88       0x88 ../drivers\libIotLibrary.a(serial.o)
                0x00004c88                __vector_37
 .text.__vector_51
                0x00004d10       0xa4 ../drivers\libIotLibrary.a(serial.o)
                0x00004d10                __vector_51
 .text.__vector_52
                0x00004db4       0x88 ../drivers\libIotLibrary.a(serial.o)
                0x00004db4                __vector_52
 .text.__vector_54
                0x00004e3c       0xa4 ../drivers\libIotLibrary.a(serial.o)
                0x00004e3c                __vector_54
 .text.__vector_55
                0x00004ee0       0x88 ../drivers\libIotLibrary.a(serial.o)
                0x00004ee0                __vector_55
 .text.usart_getchar
                0x00004f68       0x2a ../drivers\libIotLibrary.a(stdio_driver.o)
 .text.usart_putchar
                0x00004f92       0x12 ../drivers\libIotLibrary.a(stdio_driver.o)
 .text.stdioCreate
                0x00004fa4       0x52 ../drivers\libIotLibrary.a(stdio_driver.o)
                0x00004fa4                stdioCreate
 .text._initTwiInterface
                0x00004ff6       0x22 ../drivers\libIotLibrary.a(twi.o)
 .text.twiCreate
                0x00005018       0x9a ../drivers\libIotLibrary.a(twi.o)
                0x00005018                twiCreate
 .text.twiIsBusy
                0x000050b2        0x8 ../drivers\libIotLibrary.a(twi.o)
                0x000050b2                twiIsBusy
 .text.twiTransmit
                0x000050ba       0x98 ../drivers\libIotLibrary.a(twi.o)
                0x000050ba                twiTransmit
 .text.twiReceive
                0x00005152       0x66 ../drivers\libIotLibrary.a(twi.o)
                0x00005152                twiReceive
 .text.__vector_39
                0x000051b8      0x17a ../drivers\libIotLibrary.a(twi.o)
                0x000051b8                __vector_39
 .text.fifo_init
                0x00005332       0x38 ../drivers\libIotLibrary.a(fifo.o)
                0x00005332                fifo_init
 .text.avr-libc.fplib
                0x0000536a        0xa d:/atmel studio/7.0/toolchain/avr8/avr8-gnu-toolchain/bin/../lib/gcc/avr/5.4.0/../../../../avr/lib/avr6\libm.a(addsf3.o)
                0x0000536a                __subsf3
                0x0000536c                __addsf3
 .text.avr-libc.fplib
                0x00005374       0xc4 d:/atmel studio/7.0/toolchain/avr8/avr8-gnu-toolchain/bin/../lib/gcc/avr/5.4.0/../../../../avr/lib/avr6\libm.a(addsf3x.o)
                0x0000538e                __addsf3x
 .text.avr-libc.fplib
                0x00005438        0x4 d:/atmel studio/7.0/toolchain/avr8/avr8-gnu-toolchain/bin/../lib/gcc/avr/5.4.0/../../../../avr/lib/avr6\libm.a(divsf3.o)
                0x00005438                __divsf3
 .text.avr-libc.fplib
                0x0000543c       0xd2 d:/atmel studio/7.0/toolchain/avr8/avr8-gnu-toolchain/bin/../lib/gcc/avr/5.4.0/../../../../avr/lib/avr6\libm.a(divsf3x.o)
                0x00005454                __divsf3x
                0x0000545a                __divsf3_pse
 .text.avr-libc.fplib
                0x0000550e       0x7a d:/atmel studio/7.0/toolchain/avr8/avr8-gnu-toolchain/bin/../lib/gcc/avr/5.4.0/../../../../avr/lib/avr6\libm.a(floatsisf.o)
                0x0000550e                __floatunsisf
                0x00005512                __floatsisf
 .text.avr-libc.fplib
                0x00005588        0xc d:/atmel studio/7.0/toolchain/avr8/avr8-gnu-toolchain/bin/../lib/gcc/avr/5.4.0/../../../../avr/lib/avr6\libm.a(fp_inf.o)
                0x00005588                __fp_inf
 .text.avr-libc.fplib
                0x00005594        0x6 d:/atmel studio/7.0/toolchain/avr8/avr8-gnu-toolchain/bin/../lib/gcc/avr/5.4.0/../../../../avr/lib/avr6\libm.a(fp_nan.o)
                0x00005594                __fp_nan
 .text.avr-libc.fplib
                0x0000559a        0xe d:/atmel studio/7.0/toolchain/avr8/avr8-gnu-toolchain/bin/../lib/gcc/avr/5.4.0/../../../../avr/lib/avr6\libm.a(fp_pscA.o)
                0x0000559a                __fp_pscA
 .text.avr-libc.fplib
                0x000055a8        0xe d:/atmel studio/7.0/toolchain/avr8/avr8-gnu-toolchain/bin/../lib/gcc/avr/5.4.0/../../../../avr/lib/avr6\libm.a(fp_pscB.o)
                0x000055a8                __fp_pscB
 .text.avr-libc.fplib
                0x000055b6       0x22 d:/atmel studio/7.0/toolchain/avr8/avr8-gnu-toolchain/bin/../lib/gcc/avr/5.4.0/../../../../avr/lib/avr6\libm.a(fp_round.o)
                0x000055b6                __fp_round
 .text.avr-libc.fplib
                0x000055d8        0x4 d:/atmel studio/7.0/toolchain/avr8/avr8-gnu-toolchain/bin/../lib/gcc/avr/5.4.0/../../../../avr/lib/avr6\libm.a(mulsf3.o)
                0x000055d8                __mulsf3
 .text.avr-libc.fplib
                0x000055dc       0xc8 d:/atmel studio/7.0/toolchain/avr8/avr8-gnu-toolchain/bin/../lib/gcc/avr/5.4.0/../../../../avr/lib/avr6\libm.a(mulsf3x.o)
                0x000055f2                __mulsf3x
                0x000055f8                __mulsf3_pse
 .text.libgcc.div
                0x000056a4       0x44 d:/atmel studio/7.0/toolchain/avr8/avr8-gnu-toolchain/bin/../lib/gcc/avr/5.4.0/avr6\libgcc.a(_udivmodsi4.o)
                0x000056a4                __udivmodsi4
 .text.libgcc   0x000056e8       0x10 d:/atmel studio/7.0/toolchain/avr8/avr8-gnu-toolchain/bin/../lib/gcc/avr/5.4.0/avr6\libgcc.a(_tablejump2.o)
                0x000056e8                __tablejump2__
 .text.avr-libc
                0x000056f8       0x34 d:/atmel studio/7.0/toolchain/avr8/avr8-gnu-toolchain/bin/../lib/gcc/avr/5.4.0/../../../../avr/lib/avr6\libc.a(calloc.o)
                0x000056f8                calloc
 .text.avr-libc
                0x0000572c      0x242 d:/atmel studio/7.0/toolchain/avr8/avr8-gnu-toolchain/bin/../lib/gcc/avr/5.4.0/../../../../avr/lib/avr6\libc.a(malloc.o)
                0x0000572c                malloc
                0x0000585c                free
 .text.avr-libc
                0x0000596e        0x8 d:/atmel studio/7.0/toolchain/avr8/avr8-gnu-toolchain/bin/../lib/gcc/avr/5.4.0/../../../../avr/lib/avr6\libc.a(abort.o)
                0x0000596e                abort
 .text.avr-libc
                0x00005976       0x12 d:/atmel studio/7.0/toolchain/avr8/avr8-gnu-toolchain/bin/../lib/gcc/avr/5.4.0/../../../../avr/lib/avr6\libc.a(memcpy.o)
                0x00005976                memcpy
 .text.avr-libc
                0x00005988        0xe d:/atmel studio/7.0/toolchain/avr8/avr8-gnu-toolchain/bin/../lib/gcc/avr/5.4.0/../../../../avr/lib/avr6\libc.a(memset.o)
                0x00005988                memset
 .text.avr-libc
                0x00005996       0x4a d:/atmel studio/7.0/toolchain/avr8/avr8-gnu-toolchain/bin/../lib/gcc/avr/5.4.0/../../../../avr/lib/avr6\libc.a(strcasestr.o)
                0x00005996                strcasestr
 .text.avr-libc
                0x000059e0       0x16 d:/atmel studio/7.0/toolchain/avr8/avr8-gnu-toolchain/bin/../lib/gcc/avr/5.4.0/../../../../avr/lib/avr6\libc.a(strcat.o)
                0x000059e0                strcat
 .text.avr-libc
                0x000059f6        0xe d:/atmel studio/7.0/toolchain/avr8/avr8-gnu-toolchain/bin/../lib/gcc/avr/5.4.0/../../../../avr/lib/avr6\libc.a(strcpy.o)
                0x000059f6                strcpy
 .text.avr-libc
                0x00005a04       0x30 d:/atmel studio/7.0/toolchain/avr8/avr8-gnu-toolchain/bin/../lib/gcc/avr/5.4.0/../../../../avr/lib/avr6\libc.a(strncasecmp.o)
                0x00005a04                strncasecmp
 .text.avr-libc
                0x00005a34       0x26 d:/atmel studio/7.0/toolchain/avr8/avr8-gnu-toolchain/bin/../lib/gcc/avr/5.4.0/../../../../avr/lib/avr6\libc.a(printf.o)
                0x00005a34                printf
 .text.avr-libc
                0x00005a5a       0x60 d:/atmel studio/7.0/toolchain/avr8/avr8-gnu-toolchain/bin/../lib/gcc/avr/5.4.0/../../../../avr/lib/avr6\libc.a(puts.o)
                0x00005a5a                puts
 .text.avr-libc
                0x00005aba       0x5c d:/atmel studio/7.0/toolchain/avr8/avr8-gnu-toolchain/bin/../lib/gcc/avr/5.4.0/../../../../avr/lib/avr6\libc.a(sprintf.o)
                0x00005aba                sprintf
 .text.avr-libc
                0x00005b16      0x3fa d:/atmel studio/7.0/toolchain/avr8/avr8-gnu-toolchain/bin/../lib/gcc/avr/5.4.0/../../../../avr/lib/avr6\libc.a(vfprintf_std.o)
                0x00005b16                vfprintf
 .text.avr-libc
                0x00005f10       0x16 d:/atmel studio/7.0/toolchain/avr8/avr8-gnu-toolchain/bin/../lib/gcc/avr/5.4.0/../../../../avr/lib/avr6\libc.a(strnlen_P.o)
                0x00005f10                strnlen_P
 .text.avr-libc
                0x00005f26       0x16 d:/atmel studio/7.0/toolchain/avr8/avr8-gnu-toolchain/bin/../lib/gcc/avr/5.4.0/../../../../avr/lib/avr6\libc.a(strnlen.o)
                0x00005f26                strnlen
 .text.avr-libc
                0x00005f3c       0x78 d:/atmel studio/7.0/toolchain/avr8/avr8-gnu-toolchain/bin/../lib/gcc/avr/5.4.0/../../../../avr/lib/avr6\libc.a(fputc.o)
                0x00005f3c                fputc
 .text.avr-libc
                0x00005fb4       0xbc d:/atmel studio/7.0/toolchain/avr8/avr8-gnu-toolchain/bin/../lib/gcc/avr/5.4.0/../../../../avr/lib/avr6\libc.a(ultoa_invert.o)
                0x00005fb4                __ultoa_invert
                0x00006070                . = ALIGN (0x2)
 *(.fini9)
 .fini9         0x00006070        0x0 d:/atmel studio/7.0/toolchain/avr8/avr8-gnu-toolchain/bin/../lib/gcc/avr/5.4.0/avr6\libgcc.a(_exit.o)
                0x00006070                _exit
                0x00006070                exit
 *(.fini9)
 *(.fini8)
 *(.fini8)
 *(.fini7)
 *(.fini7)
 *(.fini6)
 *(.fini6)
 *(.fini5)
 *(.fini5)
 *(.fini4)
 *(.fini4)
 *(.fini3)
 *(.fini3)
 *(.fini2)
 *(.fini2)
 *(.fini1)
 *(.fini1)
 *(.fini0)
 .fini0         0x00006070        0x4 d:/atmel studio/7.0/toolchain/avr8/avr8-gnu-toolchain/bin/../lib/gcc/avr/5.4.0/avr6\libgcc.a(_exit.o)
 *(.fini0)
                0x00006074                _etext = .

.data           0x00800200      0x58a load address 0x00006074
                0x00800200                PROVIDE (__data_start, .)
 *(.data)
 .data          0x00800200        0x6 d:/atmel studio/7.0/toolchain/avr8/avr8-gnu-toolchain/bin/../lib/gcc/avr/5.4.0/../../../../avr/lib/avr6\libc.a(malloc.o)
                0x00800200                __malloc_heap_end
                0x00800202                __malloc_heap_start
                0x00800204                __malloc_margin
 *(.data*)
 .data.percent  0x00800206        0x1 ServoHandler.o
                0x00800206                percent
 .data._temp    0x00800207        0x2 ../drivers\libIotLibrary.a(hih8120.o)
 .data._hum     0x00800209        0x2 ../drivers\libIotLibrary.a(hih8120.o)
 .data._com_port_2_udr
                0x0080020b        0x8 ../drivers\libIotLibrary.a(serial.o)
                0x0080020b                _com_port_2_udr
 .data.mystdout.1881
                0x00800213        0xe ../drivers\libIotLibrary.a(stdio_driver.o)
 .data._twiCurrentState
                0x00800221        0x1 ../drivers\libIotLibrary.a(twi.o)
 *(.gnu.linkonce.d*)
 *(.rodata)
 .rodata        0x00800222       0x20 ../drivers\libIotLibrary.a(lora_driver.o)
 .rodata        0x00800242       0x2d ../drivers\libIotLibrary.a(mh_z19.o)
 *(.rodata*)
 .rodata.str1.1
                0x0080026f        0xc CO2Sensor.o
 .rodata.str1.1
                0x0080027b      0x14a loraWANHandler.o
 .rodata.str1.1
                0x008003c5        0xd PacketAssembly.o
 .rodata.str1.1
                0x008003d2       0x23 ServoHandler.o
 .rodata.str1.1
                0x008003f5        0x5 FreeRTOS/src/tasks.o
 .rodata.str1.1
                0x008003fa        0x8 FreeRTOS/src/timers.o
 .rodata.str1.1
                0x00800402        0xc HumidityTemperatureSensor.o
 .rodata.str1.1
                0x0080040e       0xa8 main.o
 .rodata.str1.1
                0x008004b6        0x8 ../drivers\libIotLibrary.a(led.o)
 .rodata.str1.1
                0x008004be      0x295 ../drivers\libIotLibrary.a(lora_driver.o)
                                0x2a5 (size before relaxing)
 .rodata._join_mode
                0x00800753        0x4 ../drivers\libIotLibrary.a(lora_driver.o)
 .rodata._return_code
                0x00800757       0x33 ../drivers\libIotLibrary.a(lora_driver.o)
                0x00800757                _return_code
 *(.gnu.linkonce.r*)
                0x0080078a                . = ALIGN (0x2)
                0x0080078a                _edata = .
                0x0080078a                PROVIDE (__data_end, .)

.bss            0x0080078a     0x128d
                0x0080078a                PROVIDE (__bss_start, .)
 *(.bss)
 *(.bss*)
 .bss.rc.2697   0x0080078a        0x1 loraWANHandler.o
 .bss._uplink_payload
                0x0080078b       0x16 loraWANHandler.o
 .bss._out_buf  0x008007a1       0x64 loraWANHandler.o
 .bss.isTaken_temperature
                0x00800805        0x1 ResourceHandler.o
                0x00800805                isTaken_temperature
 .bss.isTaken_humidity
                0x00800806        0x1 ResourceHandler.o
                0x00800806                isTaken_humidity
 .bss.isTaken_CO2
                0x00800807        0x1 ResourceHandler.o
                0x00800807                isTaken_CO2
 .bss.xBlockAllocatedBit
                0x00800808        0x2 FreeRTOS/src/heap_4.o
 .bss.xMinimumEverFreeBytesRemaining
                0x0080080a        0x2 FreeRTOS/src/heap_4.o
 .bss.xFreeBytesRemaining
                0x0080080c        0x2 FreeRTOS/src/heap_4.o
 .bss.pxEnd     0x0080080e        0x2 FreeRTOS/src/heap_4.o
 .bss.xStart    0x00800810        0x4 FreeRTOS/src/heap_4.o
 .bss.ucHeap    0x00800814      0xfa0 FreeRTOS/src/heap_4.o
 .bss.uxSchedulerSuspended
                0x008017b4        0x1 FreeRTOS/src/tasks.o
 .bss.xIdleTaskHandle
                0x008017b5        0x2 FreeRTOS/src/tasks.o
 .bss.xNextTaskUnblockTime
                0x008017b7        0x4 FreeRTOS/src/tasks.o
 .bss.uxTaskNumber
                0x008017bb        0x1 FreeRTOS/src/tasks.o
 .bss.xNumOfOverflows
                0x008017bc        0x1 FreeRTOS/src/tasks.o
 .bss.xYieldPending
                0x008017bd        0x1 FreeRTOS/src/tasks.o
 .bss.uxPendedTicks
                0x008017be        0x1 FreeRTOS/src/tasks.o
 .bss.xSchedulerRunning
                0x008017bf        0x1 FreeRTOS/src/tasks.o
 .bss.uxTopReadyPriority
                0x008017c0        0x1 FreeRTOS/src/tasks.o
 .bss.xTickCount
                0x008017c1        0x4 FreeRTOS/src/tasks.o
 .bss.uxCurrentNumberOfTasks
                0x008017c5        0x1 FreeRTOS/src/tasks.o
 .bss.xSuspendedTaskList
                0x008017c6        0xb FreeRTOS/src/tasks.o
 .bss.uxDeletedTasksWaitingCleanUp
                0x008017d1        0x1 FreeRTOS/src/tasks.o
 .bss.xTasksWaitingTermination
                0x008017d2        0xb FreeRTOS/src/tasks.o
 .bss.xPendingReadyList
                0x008017dd        0xb FreeRTOS/src/tasks.o
 .bss.pxOverflowDelayedTaskList
                0x008017e8        0x2 FreeRTOS/src/tasks.o
 .bss.pxDelayedTaskList
                0x008017ea        0x2 FreeRTOS/src/tasks.o
 .bss.xDelayedTaskList2
                0x008017ec        0xb FreeRTOS/src/tasks.o
 .bss.xDelayedTaskList1
                0x008017f7        0xb FreeRTOS/src/tasks.o
 .bss.pxReadyTasksLists
                0x00801802       0x2c FreeRTOS/src/tasks.o
 .bss.pxCurrentTCB
                0x0080182e        0x2 FreeRTOS/src/tasks.o
                0x0080182e                pxCurrentTCB
 .bss.xLastTime.2432
                0x00801830        0x4 FreeRTOS/src/timers.o
 .bss.xTimerTaskHandle
                0x00801834        0x2 FreeRTOS/src/timers.o
 .bss.xTimerQueue
                0x00801836        0x2 FreeRTOS/src/timers.o
 .bss.pxOverflowTimerList
                0x00801838        0x2 FreeRTOS/src/timers.o
 .bss.pxCurrentTimerList
                0x0080183a        0x2 FreeRTOS/src/timers.o
 .bss.xActiveTimerList2
                0x0080183c        0xb FreeRTOS/src/timers.o
 .bss.xActiveTimerList1
                0x00801847        0xb FreeRTOS/src/timers.o
 .bss._measuringIsReady
                0x00801852        0x1 ../drivers\libIotLibrary.a(hih8120.o)
 .bss._hih8120Handler
                0x00801853        0x2 ../drivers\libIotLibrary.a(hih8120.o)
 .bss._led_status
                0x00801855       0x18 ../drivers\libIotLibrary.a(led.o)
 .bss._tmp_buf.2940
                0x0080186d       0x64 ../drivers\libIotLibrary.a(lora_driver.o)
 .bss.rec_buf_inp.2947
                0x008018d1        0x1 ../drivers\libIotLibrary.a(lora_driver.o)
 .bss._downlinkMessageBuffer
                0x008018d2        0x2 ../drivers\libIotLibrary.a(lora_driver.o)
 .bss._serial_reply_buffer_handle
                0x008018d4        0x2 ../drivers\libIotLibrary.a(lora_driver.o)
 .bss._rn2483_serial
                0x008018d6        0x2 ../drivers\libIotLibrary.a(lora_driver.o)
 .bss._downlink_payload
                0x008018d8       0x16 ../drivers\libIotLibrary.a(lora_driver.o)
 .bss._pay_load_hex_bytes
                0x008018ee       0x15 ../drivers\libIotLibrary.a(lora_driver.o)
 .bss._rec_message_buf
                0x00801903       0x2d ../drivers\libIotLibrary.a(lora_driver.o)
 .bss._send_message
                0x00801930       0x2d ../drivers\libIotLibrary.a(lora_driver.o)
 .bss._reply_mess
                0x0080195d       0x2d ../drivers\libIotLibrary.a(lora_driver.o)
 .bss.data.1940
                0x0080198a        0x2 ../drivers\libIotLibrary.a(mh_z19.o)
 .bss.inDex.1939
                0x0080198c        0x1 ../drivers\libIotLibrary.a(mh_z19.o)
 .bss.crc_sum.1941
                0x0080198d        0x1 ../drivers\libIotLibrary.a(mh_z19.o)
 .bss._app_call_back
                0x0080198e        0x2 ../drivers\libIotLibrary.a(mh_z19.o)
 .bss._mh_state
                0x00801990        0x1 ../drivers\libIotLibrary.a(mh_z19.o)
                0x00801990                _mh_state
 .bss._ppm      0x00801991        0x2 ../drivers\libIotLibrary.a(mh_z19.o)
 .bss._serial   0x00801993        0x2 ../drivers\libIotLibrary.a(mh_z19.o)
 .bss._ser_handle
                0x00801995        0x8 ../drivers\libIotLibrary.a(serial.o)
 .bss._com_serial_instance
                0x0080199d        0x2 ../drivers\libIotLibrary.a(stdio_driver.o)
 .bss._index.1885
                0x0080199f        0x1 ../drivers\libIotLibrary.a(twi.o)
 .bss._twiCurrentHandler
                0x008019a0        0x2 ../drivers\libIotLibrary.a(twi.o)
 .bss._twiMessageLen
                0x008019a2        0x1 ../drivers\libIotLibrary.a(twi.o)
 .bss._twiMessageBuffer
                0x008019a3        0xa ../drivers\libIotLibrary.a(twi.o)
 .bss._twiIsInitiated
                0x008019ad        0x1 ../drivers\libIotLibrary.a(twi.o)
 *(COMMON)
 COMMON         0x008019ae        0xd CO2Sensor.o
                0x008019ae                Mutex_humidity
                0x008019b0                Data_event_group
                0x008019b2                Send_receive_event_group
                0x008019b4                Measure_event_group
                0x008019b6                return_code
                0x008019b7                Mutex_temperature
                0x008019b9                Mutex_CO2
 COMMON         0x008019bb        0x2 loraWANHandler.o
                0x008019bb                Message_queue
 COMMON         0x008019bd       0x16 PacketAssembly.o
                0x008019bd                payload_to_queue
 COMMON         0x008019d3        0xa ResourceHandler.o
                0x008019d3                local_temperature
                0x008019d7                local_CO2
                0x008019d9                local_humidity
 COMMON         0x008019dd       0x18 ServoHandler.o
                0x008019dd                downlink_payload
                0x008019f3                down_link_message_buffer_handle
 COMMON         0x008019f5        0x2 HumidityTemperatureSensor.o
                0x008019f5                driver_ready_check
 COMMON         0x008019f7       0x16 ../drivers\libIotLibrary.a(hal.o)
                0x008019f7                register_access
 COMMON         0x00801a0d        0x4 d:/atmel studio/7.0/toolchain/avr8/avr8-gnu-toolchain/bin/../lib/gcc/avr/5.4.0/../../../../avr/lib/avr6\libc.a(malloc.o)
                0x00801a0d                __brkval
                0x00801a0f                __flp
 COMMON         0x00801a11        0x6 d:/atmel studio/7.0/toolchain/avr8/avr8-gnu-toolchain/bin/../lib/gcc/avr/5.4.0/../../../../avr/lib/avr6\libc.a(iob.o)
                0x00801a11                __iob
                0x00801a17                PROVIDE (__bss_end, .)
                0x00006074                __data_load_start = LOADADDR (.data)
                0x000065fe                __data_load_end = (__data_load_start + SIZEOF (.data))

.noinit         0x00801a17        0x0
                [!provide]                PROVIDE (__noinit_start, .)
 *(.noinit*)
                [!provide]                PROVIDE (__noinit_end, .)
                0x00801a17                _end = .
                0x00801a17                PROVIDE (__heap_start, .)

.eeprom         0x00810000        0x0
 *(.eeprom*)
                0x00810000                __eeprom_end = .

.fuse
 *(.fuse)
 *(.lfuse)
 *(.hfuse)
 *(.efuse)

.lock
 *(.lock*)

.signature
 *(.signature*)

.user_signatures
 *(.user_signatures*)

.stab
 *(.stab)

.stabstr
 *(.stabstr)

.stab.excl
 *(.stab.excl)

.stab.exclstr
 *(.stab.exclstr)

.stab.index
 *(.stab.index)

.stab.indexstr
 *(.stab.indexstr)

.comment        0x00000000       0x5c
 *(.comment)
 .comment       0x00000000       0x30 CO2Sensor.o
                                 0x31 (size before relaxing)
 .comment       0x00000030       0x31 loraWANHandler.o
 .comment       0x00000030       0x31 PacketAssembly.o
 .comment       0x00000030       0x31 ResourceHandler.o
 .comment       0x00000030       0x31 ServoHandler.o
 .comment       0x00000030       0x31 FreeRTOS/FreeRTOSTraceDriver/FreeRTOSTraceDriver.o
 .comment       0x00000030       0x31 FreeRTOS/src/event_groups.o
 .comment       0x00000030       0x31 FreeRTOS/src/heap_4.o
 .comment       0x00000030       0x31 FreeRTOS/src/list.o
 .comment       0x00000030       0x31 FreeRTOS/src/port.o
 .comment       0x00000030       0x31 FreeRTOS/src/queue.o
 .comment       0x00000030       0x31 FreeRTOS/src/stream_buffer.o
 .comment       0x00000030       0x31 FreeRTOS/src/tasks.o
 .comment       0x00000030       0x31 FreeRTOS/src/timers.o
 .comment       0x00000030       0x31 FreeRTOS/src/variantHooks.o
 .comment       0x00000030       0x31 HumidityTemperatureSensor.o
 .comment       0x00000030       0x31 main.o
 .comment       0x00000030       0x31 ../drivers\libIotLibrary.a(hal.o)
 .comment       0x00000030       0x31 ../drivers\libIotLibrary.a(hih8120.o)
 .comment       0x00000030       0x31 ../drivers\libIotLibrary.a(led.o)
 .comment       0x00000030       0x31 ../drivers\libIotLibrary.a(lora_driver.o)
 .comment       0x00000030       0x31 ../drivers\libIotLibrary.a(lora_driver_utils.o)
 .comment       0x00000030       0x31 ../drivers\libIotLibrary.a(mega_register_access.o)
 .comment       0x00000030       0x31 ../drivers\libIotLibrary.a(mh_z19.o)
 .comment       0x00000030       0x31 ../drivers\libIotLibrary.a(rcServo.o)
 .comment       0x00000030       0x31 ../drivers\libIotLibrary.a(serial.o)
 .comment       0x00000030       0x31 ../drivers\libIotLibrary.a(stdio_driver.o)
 .comment       0x00000030       0x31 ../drivers\libIotLibrary.a(twi.o)
 .comment       0x00000030       0x31 ../drivers\libIotLibrary.a(fifo.o)
 .comment       0x00000030       0x31 d:/atmel studio/7.0/toolchain/avr8/avr8-gnu-toolchain/bin/../lib/gcc/avr/5.4.0/../../../../avr/lib/avr6\libc.a(calloc.o)
 .comment       0x00000030       0x31 d:/atmel studio/7.0/toolchain/avr8/avr8-gnu-toolchain/bin/../lib/gcc/avr/5.4.0/../../../../avr/lib/avr6\libc.a(malloc.o)
 .comment       0x00000030       0x31 d:/atmel studio/7.0/toolchain/avr8/avr8-gnu-toolchain/bin/../lib/gcc/avr/5.4.0/../../../../avr/lib/avr6\libc.a(iob.o)
 .comment       0x00000030       0x31 d:/atmel studio/7.0/toolchain/avr8/avr8-gnu-toolchain/bin/../lib/gcc/avr/5.4.0/../../../../avr/lib/avr6\libc.a(printf.o)
 .comment       0x00000030       0x31 d:/atmel studio/7.0/toolchain/avr8/avr8-gnu-toolchain/bin/../lib/gcc/avr/5.4.0/../../../../avr/lib/avr6\libc.a(puts.o)
 .comment       0x00000030       0x31 d:/atmel studio/7.0/toolchain/avr8/avr8-gnu-toolchain/bin/../lib/gcc/avr/5.4.0/../../../../avr/lib/avr6\libc.a(sprintf.o)
 .comment       0x00000030       0x2c d:/atmel studio/7.0/toolchain/avr8/avr8-gnu-toolchain/bin/../lib/gcc/avr/5.4.0/../../../../avr/lib/avr6\libc.a(vfprintf_std.o)
                                 0x2d (size before relaxing)
 .comment       0x0000005c       0x31 d:/atmel studio/7.0/toolchain/avr8/avr8-gnu-toolchain/bin/../lib/gcc/avr/5.4.0/../../../../avr/lib/avr6\libc.a(fputc.o)

.note.gnu.avr.deviceinfo
                0x00000000       0x40
 .note.gnu.avr.deviceinfo
                0x00000000       0x40 D:/Atmel studio/7.0/Packs/atmel/ATmega_DFP/1.3.300/gcc/dev/atmega2560/avr6/crtatmega2560.o

.note.gnu.build-id
 *(.note.gnu.build-id)

.debug
 *(.debug)

.line
 *(.line)

.debug_srcinfo
 *(.debug_srcinfo)

.debug_sfnames
 *(.debug_sfnames)

.debug_aranges  0x00000000      0xba8
 *(.debug_aranges)
 .debug_aranges
                0x00000000       0x28 CO2Sensor.o
 .debug_aranges
                0x00000028       0x30 loraWANHandler.o
 .debug_aranges
                0x00000058       0x28 PacketAssembly.o
 .debug_aranges
                0x00000080       0x50 ResourceHandler.o
 .debug_aranges
                0x000000d0       0x30 ServoHandler.o
 .debug_aranges
                0x00000100       0x30 FreeRTOS/FreeRTOSTraceDriver/FreeRTOSTraceDriver.o
 .debug_aranges
                0x00000130       0x70 FreeRTOS/src/event_groups.o
 .debug_aranges
                0x000001a0       0x48 FreeRTOS/src/heap_4.o
 .debug_aranges
                0x000001e8       0x40 FreeRTOS/src/list.o
 .debug_aranges
                0x00000228       0x48 FreeRTOS/src/port.o
 .debug_aranges
                0x00000270       0xf8 FreeRTOS/src/queue.o
 .debug_aranges
                0x00000368       0xc8 FreeRTOS/src/stream_buffer.o
 .debug_aranges
                0x00000430      0x1d8 FreeRTOS/src/tasks.o
 .debug_aranges
                0x00000608       0xa0 FreeRTOS/src/timers.o
 .debug_aranges
                0x000006a8       0x30 FreeRTOS/src/variantHooks.o
 .debug_aranges
                0x000006d8       0x28 HumidityTemperatureSensor.o
 .debug_aranges
                0x00000700       0x38 main.o
 .debug_aranges
                0x00000738       0x20 ../drivers\libIotLibrary.a(hal.o)
 .debug_aranges
                0x00000758       0x68 ../drivers\libIotLibrary.a(hih8120.o)
 .debug_aranges
                0x000007c0       0x68 ../drivers\libIotLibrary.a(led.o)
 .debug_aranges
                0x00000828      0x138 ../drivers\libIotLibrary.a(lora_driver.o)
 .debug_aranges
                0x00000960       0x28 ../drivers\libIotLibrary.a(lora_driver_utils.o)
 .debug_aranges
                0x00000988       0x70 ../drivers\libIotLibrary.a(mega_register_access.o)
 .debug_aranges
                0x000009f8       0x50 ../drivers\libIotLibrary.a(mh_z19.o)
 .debug_aranges
                0x00000a48       0x28 ../drivers\libIotLibrary.a(rcServo.o)
 .debug_aranges
                0x00000a70       0x90 ../drivers\libIotLibrary.a(serial.o)
 .debug_aranges
                0x00000b00       0x38 ../drivers\libIotLibrary.a(stdio_driver.o)
 .debug_aranges
                0x00000b38       0x50 ../drivers\libIotLibrary.a(twi.o)
 .debug_aranges
                0x00000b88       0x20 ../drivers\libIotLibrary.a(fifo.o)

.debug_pubnames
 *(.debug_pubnames)

.debug_info     0x00000000     0xf02a
 *(.debug_info .gnu.linkonce.wi.*)
 .debug_info    0x00000000      0xbbc D:/Atmel studio/7.0/Packs/atmel/ATmega_DFP/1.3.300/gcc/dev/atmega2560/avr6/crtatmega2560.o
 .debug_info    0x00000bbc      0x361 CO2Sensor.o
 .debug_info    0x00000f1d      0x81d loraWANHandler.o
 .debug_info    0x0000173a      0x3a8 PacketAssembly.o
 .debug_info    0x00001ae2      0x3db ResourceHandler.o
 .debug_info    0x00001ebd      0x329 ServoHandler.o
 .debug_info    0x000021e6       0xd3 FreeRTOS/FreeRTOSTraceDriver/FreeRTOSTraceDriver.o
 .debug_info    0x000022b9      0x9ee FreeRTOS/src/event_groups.o
 .debug_info    0x00002ca7      0x3d4 FreeRTOS/src/heap_4.o
 .debug_info    0x0000307b      0x2dc FreeRTOS/src/list.o
 .debug_info    0x00003357      0x284 FreeRTOS/src/port.o
 .debug_info    0x000035db     0x1910 FreeRTOS/src/queue.o
 .debug_info    0x00004eeb     0x14b4 FreeRTOS/src/stream_buffer.o
 .debug_info    0x0000639f     0x27fd FreeRTOS/src/tasks.o
 .debug_info    0x00008b9c     0x1115 FreeRTOS/src/timers.o
 .debug_info    0x00009cb1      0x1ba FreeRTOS/src/variantHooks.o
 .debug_info    0x00009e6b      0x3de HumidityTemperatureSensor.o
 .debug_info    0x0000a249      0x5d3 main.o
 .debug_info    0x0000a81c      0x20d ../drivers\libIotLibrary.a(hal.o)
 .debug_info    0x0000aa29      0x3a9 ../drivers\libIotLibrary.a(hih8120.o)
 .debug_info    0x0000add2      0x6d5 ../drivers\libIotLibrary.a(led.o)
 .debug_info    0x0000b4a7     0x18a9 ../drivers\libIotLibrary.a(lora_driver.o)
 .debug_info    0x0000cd50      0x143 ../drivers\libIotLibrary.a(lora_driver_utils.o)
 .debug_info    0x0000ce93      0x2e1 ../drivers\libIotLibrary.a(mega_register_access.o)
 .debug_info    0x0000d174      0x538 ../drivers\libIotLibrary.a(mh_z19.o)
 .debug_info    0x0000d6ac      0x10f ../drivers\libIotLibrary.a(rcServo.o)
 .debug_info    0x0000d7bb      0xdb3 ../drivers\libIotLibrary.a(serial.o)
 .debug_info    0x0000e56e      0x39c ../drivers\libIotLibrary.a(stdio_driver.o)
 .debug_info    0x0000e90a      0x55d ../drivers\libIotLibrary.a(twi.o)
 .debug_info    0x0000ee67      0x1c3 ../drivers\libIotLibrary.a(fifo.o)

.debug_abbrev   0x00000000     0x3d35
 *(.debug_abbrev)
 .debug_abbrev  0x00000000      0xb1a D:/Atmel studio/7.0/Packs/atmel/ATmega_DFP/1.3.300/gcc/dev/atmega2560/avr6/crtatmega2560.o
 .debug_abbrev  0x00000b1a      0x12a CO2Sensor.o
 .debug_abbrev  0x00000c44      0x1d3 loraWANHandler.o
 .debug_abbrev  0x00000e17      0x151 PacketAssembly.o
 .debug_abbrev  0x00000f68       0xfc ResourceHandler.o
 .debug_abbrev  0x00001064      0x16b ServoHandler.o
 .debug_abbrev  0x000011cf       0x92 FreeRTOS/FreeRTOSTraceDriver/FreeRTOSTraceDriver.o
 .debug_abbrev  0x00001261      0x21b FreeRTOS/src/event_groups.o
 .debug_abbrev  0x0000147c      0x224 FreeRTOS/src/heap_4.o
 .debug_abbrev  0x000016a0       0xff FreeRTOS/src/list.o
 .debug_abbrev  0x0000179f      0x158 FreeRTOS/src/port.o
 .debug_abbrev  0x000018f7      0x2d8 FreeRTOS/src/queue.o
 .debug_abbrev  0x00001bcf      0x2b4 FreeRTOS/src/stream_buffer.o
 .debug_abbrev  0x00001e83      0x359 FreeRTOS/src/tasks.o
 .debug_abbrev  0x000021dc      0x2f5 FreeRTOS/src/timers.o
 .debug_abbrev  0x000024d1      0x101 FreeRTOS/src/variantHooks.o
 .debug_abbrev  0x000025d2      0x12c HumidityTemperatureSensor.o
 .debug_abbrev  0x000026fe      0x18b main.o
 .debug_abbrev  0x00002889       0xff ../drivers\libIotLibrary.a(hal.o)
 .debug_abbrev  0x00002988      0x184 ../drivers\libIotLibrary.a(hih8120.o)
 .debug_abbrev  0x00002b0c      0x228 ../drivers\libIotLibrary.a(led.o)
 .debug_abbrev  0x00002d34      0x382 ../drivers\libIotLibrary.a(lora_driver.o)
 .debug_abbrev  0x000030b6       0xc0 ../drivers\libIotLibrary.a(lora_driver_utils.o)
 .debug_abbrev  0x00003176       0xd3 ../drivers\libIotLibrary.a(mega_register_access.o)
 .debug_abbrev  0x00003249      0x20f ../drivers\libIotLibrary.a(mh_z19.o)
 .debug_abbrev  0x00003458       0xbc ../drivers\libIotLibrary.a(rcServo.o)
 .debug_abbrev  0x00003514      0x364 ../drivers\libIotLibrary.a(serial.o)
 .debug_abbrev  0x00003878      0x1be ../drivers\libIotLibrary.a(stdio_driver.o)
 .debug_abbrev  0x00003a36      0x217 ../drivers\libIotLibrary.a(twi.o)
 .debug_abbrev  0x00003c4d       0xe8 ../drivers\libIotLibrary.a(fifo.o)

.debug_line     0x00000000     0x6f9e
 *(.debug_line .debug_line.* .debug_line_end)
 .debug_line    0x00000000      0x1f9 D:/Atmel studio/7.0/Packs/atmel/ATmega_DFP/1.3.300/gcc/dev/atmega2560/avr6/crtatmega2560.o
 .debug_line    0x000001f9      0x185 CO2Sensor.o
 .debug_line    0x0000037e      0x236 loraWANHandler.o
 .debug_line    0x000005b4      0x1ad PacketAssembly.o
 .debug_line    0x00000761      0x21d ResourceHandler.o
 .debug_line    0x0000097e      0x1c8 ServoHandler.o
 .debug_line    0x00000b46       0xe9 FreeRTOS/FreeRTOSTraceDriver/FreeRTOSTraceDriver.o
 .debug_line    0x00000c2f      0x3d9 FreeRTOS/src/event_groups.o
 .debug_line    0x00001008      0x2f0 FreeRTOS/src/heap_4.o
 .debug_line    0x000012f8      0x1c6 FreeRTOS/src/list.o
 .debug_line    0x000014be      0x2ea FreeRTOS/src/port.o
 .debug_line    0x000017a8      0xbd2 FreeRTOS/src/queue.o
 .debug_line    0x0000237a      0x77c FreeRTOS/src/stream_buffer.o
 .debug_line    0x00002af6     0x1640 FreeRTOS/src/tasks.o
 .debug_line    0x00004136      0x54f FreeRTOS/src/timers.o
 .debug_line    0x00004685      0x162 FreeRTOS/src/variantHooks.o
 .debug_line    0x000047e7      0x1ba HumidityTemperatureSensor.o
 .debug_line    0x000049a1      0x34f main.o
 .debug_line    0x00004cf0       0xff ../drivers\libIotLibrary.a(hal.o)
 .debug_line    0x00004def      0x246 ../drivers\libIotLibrary.a(hih8120.o)
 .debug_line    0x00005035      0x31b ../drivers\libIotLibrary.a(led.o)
 .debug_line    0x00005350      0x9ab ../drivers\libIotLibrary.a(lora_driver.o)
 .debug_line    0x00005cfb      0x194 ../drivers\libIotLibrary.a(lora_driver_utils.o)
 .debug_line    0x00005e8f      0x1af ../drivers\libIotLibrary.a(mega_register_access.o)
 .debug_line    0x0000603e      0x2d6 ../drivers\libIotLibrary.a(mh_z19.o)
 .debug_line    0x00006314       0xfb ../drivers\libIotLibrary.a(rcServo.o)
 .debug_line    0x0000640f      0x636 ../drivers\libIotLibrary.a(serial.o)
 .debug_line    0x00006a45      0x13a ../drivers\libIotLibrary.a(stdio_driver.o)
 .debug_line    0x00006b7f      0x306 ../drivers\libIotLibrary.a(twi.o)
 .debug_line    0x00006e85      0x119 ../drivers\libIotLibrary.a(fifo.o)

.debug_frame    0x00000000     0x26e4
 *(.debug_frame)
 .debug_frame   0x00000000       0x44 CO2Sensor.o
 .debug_frame   0x00000044      0x11c loraWANHandler.o
 .debug_frame   0x00000160       0x44 PacketAssembly.o
 .debug_frame   0x000001a4       0xcc ResourceHandler.o
 .debug_frame   0x00000270       0x54 ServoHandler.o
 .debug_frame   0x000002c4       0x44 FreeRTOS/FreeRTOSTraceDriver/FreeRTOSTraceDriver.o
 .debug_frame   0x00000308      0x1ec FreeRTOS/src/event_groups.o
 .debug_frame   0x000004f4       0xb4 FreeRTOS/src/heap_4.o
 .debug_frame   0x000005a8       0x90 FreeRTOS/src/list.o
 .debug_frame   0x00000638       0x74 FreeRTOS/src/port.o
 .debug_frame   0x000006ac      0x3d8 FreeRTOS/src/queue.o
 .debug_frame   0x00000a84      0x3dc FreeRTOS/src/stream_buffer.o
 .debug_frame   0x00000e60      0x75c FreeRTOS/src/tasks.o
 .debug_frame   0x000015bc      0x248 FreeRTOS/src/timers.o
 .debug_frame   0x00001804       0x44 FreeRTOS/src/variantHooks.o
 .debug_frame   0x00001848       0x44 HumidityTemperatureSensor.o
 .debug_frame   0x0000188c       0x68 main.o
 .debug_frame   0x000018f4       0x24 ../drivers\libIotLibrary.a(hal.o)
 .debug_frame   0x00001918       0xc0 ../drivers\libIotLibrary.a(hih8120.o)
 .debug_frame   0x000019d8      0x11c ../drivers\libIotLibrary.a(led.o)
 .debug_frame   0x00001af4      0x460 ../drivers\libIotLibrary.a(lora_driver.o)
 .debug_frame   0x00001f54       0x48 ../drivers\libIotLibrary.a(lora_driver_utils.o)
 .debug_frame   0x00001f9c       0xc4 ../drivers\libIotLibrary.a(mega_register_access.o)
 .debug_frame   0x00002060       0xf8 ../drivers\libIotLibrary.a(mh_z19.o)
 .debug_frame   0x00002158       0x34 ../drivers\libIotLibrary.a(rcServo.o)
 .debug_frame   0x0000218c      0x384 ../drivers\libIotLibrary.a(serial.o)
 .debug_frame   0x00002510       0x84 ../drivers\libIotLibrary.a(stdio_driver.o)
 .debug_frame   0x00002594      0x12c ../drivers\libIotLibrary.a(twi.o)
 .debug_frame   0x000026c0       0x24 ../drivers\libIotLibrary.a(fifo.o)

.debug_str      0x00000000     0x44f2
 *(.debug_str)
 .debug_str     0x00000000      0x3e6 D:/Atmel studio/7.0/Packs/atmel/ATmega_DFP/1.3.300/gcc/dev/atmega2560/avr6/crtatmega2560.o
 .debug_str     0x000003e6      0x341 CO2Sensor.o
                                0x391 (size before relaxing)
 .debug_str     0x00000727      0x469 loraWANHandler.o
                                0x6dd (size before relaxing)
 .debug_str     0x00000b90       0x8f PacketAssembly.o
                                0x365 (size before relaxing)
 .debug_str     0x00000c1f       0xec ResourceHandler.o
                                0x312 (size before relaxing)
 .debug_str     0x00000d0b       0xf3 ServoHandler.o
                                0x34d (size before relaxing)
 .debug_str     0x00000dfe       0x68 FreeRTOS/FreeRTOSTraceDriver/FreeRTOSTraceDriver.o
                                0x1c5 (size before relaxing)
 .debug_str     0x00000e66      0x3a0 FreeRTOS/src/event_groups.o
                                0x5cf (size before relaxing)
 .debug_str     0x00001206      0x1e4 FreeRTOS/src/heap_4.o
                                0x385 (size before relaxing)
 .debug_str     0x000013ea       0x89 FreeRTOS/src/list.o
                                0x2c2 (size before relaxing)
 .debug_str     0x00001473      0x112 FreeRTOS/src/port.o
                                0x2af (size before relaxing)
 .debug_str     0x00001585      0x677 FreeRTOS/src/queue.o
                                0x9b8 (size before relaxing)
 .debug_str     0x00001bfc      0x505 FreeRTOS/src/stream_buffer.o
                                0x81e (size before relaxing)
 .debug_str     0x00002101      0xa78 FreeRTOS/src/tasks.o
                               0x1163 (size before relaxing)
 .debug_str     0x00002b79      0x43f FreeRTOS/src/timers.o
                                0x850 (size before relaxing)
 .debug_str     0x00002fb8       0x61 FreeRTOS/src/variantHooks.o
                                0x256 (size before relaxing)
 .debug_str     0x00003019      0x11c HumidityTemperatureSensor.o
                                0x3d3 (size before relaxing)
 .debug_str     0x00003135       0x87 main.o
                                0x49a (size before relaxing)
 .debug_str     0x000031bc       0xc3 ../drivers\libIotLibrary.a(hal.o)
                                0x278 (size before relaxing)
 .debug_str     0x0000327f      0x1f4 ../drivers\libIotLibrary.a(hih8120.o)
                                0x44a (size before relaxing)
 .debug_str     0x00003473      0x115 ../drivers\libIotLibrary.a(led.o)
                                0x3cd (size before relaxing)
 .debug_str     0x00003588      0x682 ../drivers\libIotLibrary.a(lora_driver.o)
                                0xd8f (size before relaxing)
 .debug_str     0x00003c0a       0x46 ../drivers\libIotLibrary.a(lora_driver_utils.o)
                                0x205 (size before relaxing)
 .debug_str     0x00003c50       0xdf ../drivers\libIotLibrary.a(mega_register_access.o)
                                0x252 (size before relaxing)
 .debug_str     0x00003d2f      0x10d ../drivers\libIotLibrary.a(mh_z19.o)
                                0x47a (size before relaxing)
 .debug_str     0x00003e3c       0x2a ../drivers\libIotLibrary.a(rcServo.o)
                                0x1d0 (size before relaxing)
 .debug_str     0x00003e66      0x2e5 ../drivers\libIotLibrary.a(serial.o)
                                0x639 (size before relaxing)
 .debug_str     0x0000414b       0xa4 ../drivers\libIotLibrary.a(stdio_driver.o)
                                0x378 (size before relaxing)
 .debug_str     0x000041ef      0x2e3 ../drivers\libIotLibrary.a(twi.o)
                                0x5a8 (size before relaxing)
 .debug_str     0x000044d2       0x20 ../drivers\libIotLibrary.a(fifo.o)
                                0x237 (size before relaxing)

.debug_loc      0x00000000     0xcd3a
 *(.debug_loc)
 .debug_loc     0x00000000       0x5a CO2Sensor.o
 .debug_loc     0x0000005a      0x482 loraWANHandler.o
 .debug_loc     0x000004dc       0xac PacketAssembly.o
 .debug_loc     0x00000588      0x1a6 ResourceHandler.o
 .debug_loc     0x0000072e       0x62 ServoHandler.o
 .debug_loc     0x00000790       0x42 FreeRTOS/FreeRTOSTraceDriver/FreeRTOSTraceDriver.o
 .debug_loc     0x000007d2      0xead FreeRTOS/src/event_groups.o
 .debug_loc     0x0000167f      0x331 FreeRTOS/src/heap_4.o
 .debug_loc     0x000019b0      0x17d FreeRTOS/src/list.o
 .debug_loc     0x00001b2d      0x2af FreeRTOS/src/port.o
 .debug_loc     0x00001ddc     0x1c21 FreeRTOS/src/queue.o
 .debug_loc     0x000039fd     0x1db1 FreeRTOS/src/stream_buffer.o
 .debug_loc     0x000057ae     0x3168 FreeRTOS/src/tasks.o
 .debug_loc     0x00008916      0xcf7 FreeRTOS/src/timers.o
 .debug_loc     0x0000960d       0xb6 FreeRTOS/src/variantHooks.o
 .debug_loc     0x000096c3       0x5a HumidityTemperatureSensor.o
 .debug_loc     0x0000971d       0x5e main.o
 .debug_loc     0x0000977b       0x2c ../drivers\libIotLibrary.a(hal.o)
 .debug_loc     0x000097a7       0x9f ../drivers\libIotLibrary.a(hih8120.o)
 .debug_loc     0x00009846      0x390 ../drivers\libIotLibrary.a(led.o)
 .debug_loc     0x00009bd6     0x1216 ../drivers\libIotLibrary.a(lora_driver.o)
 .debug_loc     0x0000adec      0x1d2 ../drivers\libIotLibrary.a(lora_driver_utils.o)
 .debug_loc     0x0000afbe       0xe9 ../drivers\libIotLibrary.a(mega_register_access.o)
 .debug_loc     0x0000b0a7      0x3cd ../drivers\libIotLibrary.a(mh_z19.o)
 .debug_loc     0x0000b474       0x2f ../drivers\libIotLibrary.a(rcServo.o)
 .debug_loc     0x0000b4a3     0x1080 ../drivers\libIotLibrary.a(serial.o)
 .debug_loc     0x0000c523      0x144 ../drivers\libIotLibrary.a(stdio_driver.o)
 .debug_loc     0x0000c667      0x575 ../drivers\libIotLibrary.a(twi.o)
 .debug_loc     0x0000cbdc      0x15e ../drivers\libIotLibrary.a(fifo.o)

.debug_macinfo
 *(.debug_macinfo)

.debug_weaknames
 *(.debug_weaknames)

.debug_funcnames
 *(.debug_funcnames)

.debug_typenames
 *(.debug_typenames)

.debug_varnames
 *(.debug_varnames)

.debug_pubtypes
 *(.debug_pubtypes)

.debug_ranges   0x00000000      0xbc8
 *(.debug_ranges)
 .debug_ranges  0x00000000       0x18 CO2Sensor.o
 .debug_ranges  0x00000018       0x50 loraWANHandler.o
 .debug_ranges  0x00000068       0x30 PacketAssembly.o
 .debug_ranges  0x00000098       0x40 ResourceHandler.o
 .debug_ranges  0x000000d8       0x20 ServoHandler.o
 .debug_ranges  0x000000f8       0x20 FreeRTOS/FreeRTOSTraceDriver/FreeRTOSTraceDriver.o
 .debug_ranges  0x00000118       0x78 FreeRTOS/src/event_groups.o
 .debug_ranges  0x00000190       0x38 FreeRTOS/src/heap_4.o
 .debug_ranges  0x000001c8       0x30 FreeRTOS/src/list.o
 .debug_ranges  0x000001f8       0x38 FreeRTOS/src/port.o
 .debug_ranges  0x00000230      0x178 FreeRTOS/src/queue.o
 .debug_ranges  0x000003a8       0xb8 FreeRTOS/src/stream_buffer.o
 .debug_ranges  0x00000460      0x240 FreeRTOS/src/tasks.o
 .debug_ranges  0x000006a0       0xe8 FreeRTOS/src/timers.o
 .debug_ranges  0x00000788       0x20 FreeRTOS/src/variantHooks.o
 .debug_ranges  0x000007a8       0x18 HumidityTemperatureSensor.o
 .debug_ranges  0x000007c0       0x28 main.o
 .debug_ranges  0x000007e8       0x10 ../drivers\libIotLibrary.a(hal.o)
 .debug_ranges  0x000007f8       0x58 ../drivers\libIotLibrary.a(hih8120.o)
 .debug_ranges  0x00000850       0x58 ../drivers\libIotLibrary.a(led.o)
 .debug_ranges  0x000008a8      0x128 ../drivers\libIotLibrary.a(lora_driver.o)
 .debug_ranges  0x000009d0       0x30 ../drivers\libIotLibrary.a(lora_driver_utils.o)
 .debug_ranges  0x00000a00       0x60 ../drivers\libIotLibrary.a(mega_register_access.o)
 .debug_ranges  0x00000a60       0x40 ../drivers\libIotLibrary.a(mh_z19.o)
 .debug_ranges  0x00000aa0       0x18 ../drivers\libIotLibrary.a(rcServo.o)
 .debug_ranges  0x00000ab8       0x98 ../drivers\libIotLibrary.a(serial.o)
 .debug_ranges  0x00000b50       0x28 ../drivers\libIotLibrary.a(stdio_driver.o)
 .debug_ranges  0x00000b78       0x40 ../drivers\libIotLibrary.a(twi.o)
 .debug_ranges  0x00000bb8       0x10 ../drivers\libIotLibrary.a(fifo.o)

.debug_macro
 *(.debug_macro)
OUTPUT(IOT_test_3.elf elf32-avr)
LOAD linker stubs
