Archive member included to satisfy reference by file (symbol)

d:/atmel studio/7.0/toolchain/avr8/avr8-gnu-toolchain/bin/../lib/gcc/avr/5.4.0/../../../../avr/lib/avr6\libm.a(fixsfsi.o)
                              loraWANHandler.o (__fixsfsi)
d:/atmel studio/7.0/toolchain/avr8/avr8-gnu-toolchain/bin/../lib/gcc/avr/5.4.0/../../../../avr/lib/avr6\libm.a(fixunssfsi.o)
                              d:/atmel studio/7.0/toolchain/avr8/avr8-gnu-toolchain/bin/../lib/gcc/avr/5.4.0/../../../../avr/lib/avr6\libm.a(fixsfsi.o) (__fixunssfsi)
d:/atmel studio/7.0/toolchain/avr8/avr8-gnu-toolchain/bin/../lib/gcc/avr/5.4.0/../../../../avr/lib/avr6\libm.a(fp_split3.o)
                              d:/atmel studio/7.0/toolchain/avr8/avr8-gnu-toolchain/bin/../lib/gcc/avr/5.4.0/../../../../avr/lib/avr6\libm.a(fixunssfsi.o) (__fp_splitA)
d:/atmel studio/7.0/toolchain/avr8/avr8-gnu-toolchain/bin/../lib/gcc/avr/5.4.0/../../../../avr/lib/avr6\libm.a(fp_zero.o)
                              d:/atmel studio/7.0/toolchain/avr8/avr8-gnu-toolchain/bin/../lib/gcc/avr/5.4.0/../../../../avr/lib/avr6\libm.a(fixunssfsi.o) (__fp_zero)
../drivers\libIotLibrary.a(hal.o)
                              main.o (hal_create)
../drivers\libIotLibrary.a(hih8120.o)
                              HumidityTemperatureSensor.o (hih8120Create)
../drivers\libIotLibrary.a(led.o)
                              ../drivers\libIotLibrary.a(hal.o) (led_create)
../drivers\libIotLibrary.a(lora_driver.o)
                              loraWANHandler.o (lora_driver_flush_buffers)
../drivers\libIotLibrary.a(lora_driver_utils.o)
                              ../drivers\libIotLibrary.a(lora_driver.o) (decode_port_no)
../drivers\libIotLibrary.a(mega_register_access.o)
                              ../drivers\libIotLibrary.a(hal.o) (reg_read_register)
../drivers\libIotLibrary.a(mh_z19.o)
                              CO2Sensor.o (mh_z19_create)
../drivers\libIotLibrary.a(rcServo.o)
                              ServoHandler.o (rcServoCreate)
../drivers\libIotLibrary.a(serial.o)
                              ../drivers\libIotLibrary.a(lora_driver.o) (serial_new_instance)
../drivers\libIotLibrary.a(stdio_driver.o)
                              main.o (stdioCreate)
../drivers\libIotLibrary.a(twi.o)
                              ../drivers\libIotLibrary.a(hih8120.o) (twiCreate)
../drivers\libIotLibrary.a(fifo.o)
                              ../drivers\libIotLibrary.a(serial.o) (fifo_init)
d:/atmel studio/7.0/toolchain/avr8/avr8-gnu-toolchain/bin/../lib/gcc/avr/5.4.0/../../../../avr/lib/avr6\libm.a(addsf3.o)
                              ../drivers\libIotLibrary.a(hih8120.o) (__subsf3)
d:/atmel studio/7.0/toolchain/avr8/avr8-gnu-toolchain/bin/../lib/gcc/avr/5.4.0/../../../../avr/lib/avr6\libm.a(addsf3x.o)
                              d:/atmel studio/7.0/toolchain/avr8/avr8-gnu-toolchain/bin/../lib/gcc/avr/5.4.0/../../../../avr/lib/avr6\libm.a(addsf3.o) (__addsf3x)
d:/atmel studio/7.0/toolchain/avr8/avr8-gnu-toolchain/bin/../lib/gcc/avr/5.4.0/../../../../avr/lib/avr6\libm.a(divsf3.o)
                              ../drivers\libIotLibrary.a(hih8120.o) (__divsf3)
d:/atmel studio/7.0/toolchain/avr8/avr8-gnu-toolchain/bin/../lib/gcc/avr/5.4.0/../../../../avr/lib/avr6\libm.a(divsf3x.o)
                              d:/atmel studio/7.0/toolchain/avr8/avr8-gnu-toolchain/bin/../lib/gcc/avr/5.4.0/../../../../avr/lib/avr6\libm.a(divsf3.o) (__divsf3x)
d:/atmel studio/7.0/toolchain/avr8/avr8-gnu-toolchain/bin/../lib/gcc/avr/5.4.0/../../../../avr/lib/avr6\libm.a(floatsisf.o)
                              ../drivers\libIotLibrary.a(hih8120.o) (__floatunsisf)
d:/atmel studio/7.0/toolchain/avr8/avr8-gnu-toolchain/bin/../lib/gcc/avr/5.4.0/../../../../avr/lib/avr6\libm.a(fp_inf.o)
                              d:/atmel studio/7.0/toolchain/avr8/avr8-gnu-toolchain/bin/../lib/gcc/avr/5.4.0/../../../../avr/lib/avr6\libm.a(addsf3x.o) (__fp_inf)
d:/atmel studio/7.0/toolchain/avr8/avr8-gnu-toolchain/bin/../lib/gcc/avr/5.4.0/../../../../avr/lib/avr6\libm.a(fp_nan.o)
                              d:/atmel studio/7.0/toolchain/avr8/avr8-gnu-toolchain/bin/../lib/gcc/avr/5.4.0/../../../../avr/lib/avr6\libm.a(addsf3x.o) (__fp_nan)
d:/atmel studio/7.0/toolchain/avr8/avr8-gnu-toolchain/bin/../lib/gcc/avr/5.4.0/../../../../avr/lib/avr6\libm.a(fp_pscA.o)
                              d:/atmel studio/7.0/toolchain/avr8/avr8-gnu-toolchain/bin/../lib/gcc/avr/5.4.0/../../../../avr/lib/avr6\libm.a(addsf3x.o) (__fp_pscA)
d:/atmel studio/7.0/toolchain/avr8/avr8-gnu-toolchain/bin/../lib/gcc/avr/5.4.0/../../../../avr/lib/avr6\libm.a(fp_pscB.o)
                              d:/atmel studio/7.0/toolchain/avr8/avr8-gnu-toolchain/bin/../lib/gcc/avr/5.4.0/../../../../avr/lib/avr6\libm.a(addsf3x.o) (__fp_pscB)
d:/atmel studio/7.0/toolchain/avr8/avr8-gnu-toolchain/bin/../lib/gcc/avr/5.4.0/../../../../avr/lib/avr6\libm.a(fp_round.o)
[...]
Memory Configuration

Name             Origin             Length             Attributes
text             0x00000000         0x00100000         xr
data             0x00800200         0x0000fe00         rw !x
eeprom           0x00810000         0x00010000         rw !x
fuse             0x00820000         0x00000003         rw !x
lock             0x00830000         0x00000400         rw !x
signature        0x00840000         0x00000400         rw !x
user_signatures  0x00850000         0x00000400         rw !x
*default*        0x00000000         0xffffffff

Linker script and memory map

Address of section .data set to 0x800200
LOAD D:/Atmel studio/7.0/Packs/atmel/ATmega_DFP/1.3.300/gcc/dev/atmega2560/avr6/crtatmega2560.o
LOAD CO2Sensor.o
LOAD loraWANHandler.o
LOAD ResourceHandler.o
LOAD ServoHandler.o
LOAD FreeRTOS/FreeRTOSTraceDriver/FreeRTOSTraceDriver.o
LOAD FreeRTOS/src/croutine.o
LOAD FreeRTOS/src/event_groups.o
LOAD FreeRTOS/src/heap_4.o
LOAD FreeRTOS/src/list.o
LOAD FreeRTOS/src/port.o
LOAD FreeRTOS/src/queue.o
LOAD FreeRTOS/src/stream_buffer.o
LOAD FreeRTOS/src/tasks.o
LOAD FreeRTOS/src/timers.o
LOAD FreeRTOS/src/variantHooks.o
LOAD HumidityTemperatureSensor.o
LOAD main.o
START GROUP
LOAD d:/atmel studio/7.0/toolchain/avr8/avr8-gnu-toolchain/bin/../lib/gcc/avr/5.4.0/../../../../avr/lib/avr6\libm.a
LOAD ../drivers\libIotLibrary.a
END GROUP
START GROUP
LOAD d:/atmel studio/7.0/toolchain/avr8/avr8-gnu-toolchain/bin/../lib/gcc/avr/5.4.0/avr6\libgcc.a
LOAD d:/atmel studio/7.0/toolchain/avr8/avr8-gnu-toolchain/bin/../lib/gcc/avr/5.4.0/../../../../avr/lib/avr6\libm.a
LOAD d:/atmel studio/7.0/toolchain/avr8/avr8-gnu-toolchain/bin/../lib/gcc/avr/5.4.0/../../../../avr/lib/avr6\libc.a
LOAD D:/Atmel studio/7.0/Packs/atmel/ATmega_DFP/1.3.300/gcc/dev/atmega2560/avr6\libatmega2560.a
END GROUP
                0x00000000                __TEXT_REGION_ORIGIN__ = DEFINED (__TEXT_REGION_ORIGIN__)?__TEXT_REGION_ORIGIN__:0x0
                0x00800200                __DATA_REGION_ORIGIN__ = DEFINED (__DATA_REGION_ORIGIN__)?__DATA_REGION_ORIGIN__:0x800200
                0x00100000                __TEXT_REGION_LENGTH__ = DEFINED (__TEXT_REGION_LENGTH__)?__TEXT_REGION_LENGTH__:0x100000
                0x0000fe00                __DATA_REGION_LENGTH__ = DEFINED (__DATA_REGION_LENGTH__)?__DATA_REGION_LENGTH__:0xfe00
                0x00010000                __EEPROM_REGION_LENGTH__ = DEFINED (__EEPROM_REGION_LENGTH__)?__EEPROM_REGION_LENGTH__:0x10000
                [0x00000003]                __FUSE_REGION_LENGTH__ = DEFINED (__FUSE_REGION_LENGTH__)?__FUSE_REGION_LENGTH__:0x400
                0x00000400                __LOCK_REGION_LENGTH__ = DEFINED (__LOCK_REGION_LENGTH__)?__LOCK_REGION_LENGTH__:0x400
                0x00000400                __SIGNATURE_REGION_LENGTH__ = DEFINED (__SIGNATURE_REGION_LENGTH__)?__SIGNATURE_REGION_LENGTH__:0x400
                0x00000400                __USER_SIGNATURE_REGION_LENGTH__ = DEFINED (__USER_SIGNATURE_REGION_LENGTH__)?__USER_SIGNATURE_REGION_LENGTH__:0x400

.hash
 *(.hash)

.dynsym
 *(.dynsym)

.dynstr
 *(.dynstr)

.gnu.version
 *(.gnu.version)

.gnu.version_d
 *(.gnu.version_d)

.gnu.version_r
 *(.gnu.version_r)

.rel.init
 *(.rel.init)

.rela.init
 *(.rela.init)

.rel.text
 *(.rel.text)
 *(.rel.text.*)
 *(.rel.gnu.linkonce.t*)

.rela.text
 *(.rela.text)
 *(.rela.text.*)
 *(.rela.gnu.linkonce.t*)

.rel.fini
 *(.rel.fini)

.rela.fini
 *(.rela.fini)

.rel.rodata
 *(.rel.rodata)
 *(.rel.rodata.*)
 *(.rel.gnu.linkonce.r*)

.rela.rodata
 *(.rela.rodata)
 *(.rela.rodata.*)
 *(.rela.gnu.linkonce.r*)

.rel.data
 *(.rel.data)
 *(.rel.data.*)
 *(.rel.gnu.linkonce.d*)

.rela.data
 *(.rela.data)
 *(.rela.data.*)
 *(.rela.gnu.linkonce.d*)

.rel.ctors
 *(.rel.ctors)

.rela.ctors
 *(.rela.ctors)

.rel.dtors
 *(.rel.dtors)

.rela.dtors
 *(.rela.dtors)

.rel.got
 *(.rel.got)

.rela.got
 *(.rela.got)

.rel.bss
 *(.rel.bss)

.rela.bss
 *(.rela.bss)

.rel.plt
 *(.rel.plt)

.rela.plt
 *(.rela.plt)

.text           0x00000000     0x6068
 *(.vectors)
 .vectors       0x00000000       0xe4 D:/Atmel studio/7.0/Packs/atmel/ATmega_DFP/1.3.300/gcc/dev/atmega2560/avr6/crtatmega2560.o
                0x00000000                __vector_default
                0x00000000                __vectors
 *(.vectors)
 *(.progmem.gcc*)
 .progmem.gcc_sw_table
                0x000000e4       0x14 FreeRTOS/src/timers.o
 .progmem.gcc_sw_table.__vector_39
                0x000000f8       0xa2 ../drivers\libIotLibrary.a(twi.o)
                0x0000019a                . = ALIGN (0x2)
                0x0000019a                __trampolines_start = .
 *(.trampolines)
 .trampolines   0x0000019a        0x0 linker stubs
 *(.trampolines*)
                0x0000019a                __trampolines_end = .
 *libprintf_flt.a:*(.progmem.data)
 *libc.a:*(.progmem.data)
 *(.progmem*)
                0x0000019a                . = ALIGN (0x2)
 *(.jumptables)
 *(.jumptables*)
 *(.lowtext)
 .lowtext       0x0000019a       0x6e FreeRTOS/src/tasks.o
 .lowtext       0x00000208      0x28c FreeRTOS/src/timers.o
 *(.lowtext*)
                0x00000494                __ctors_start = .
 *(.ctors)
                0x00000494                __ctors_end = .
                0x00000494                __dtors_start = .
 *(.dtors)
                0x00000494                __dtors_end = .
 SORT(*)(.ctors)
 SORT(*)(.dtors)
 *(.init0)
 .init0         0x00000494        0x0 D:/Atmel studio/7.0/Packs/atmel/ATmega_DFP/1.3.300/gcc/dev/atmega2560/avr6/crtatmega2560.o
                0x00000494                __init
 *(.init0)
 *(.init1)
 *(.init1)
 *(.init2)
 .init2         0x00000494       0x10 D:/Atmel studio/7.0/Packs/atmel/ATmega_DFP/1.3.300/gcc/dev/atmega2560/avr6/crtatmega2560.o
 *(.init2)
 *(.init3)
 *(.init3)
 *(.init4)
 .init4         0x000004a4       0x1a d:/atmel studio/7.0/toolchain/avr8/avr8-gnu-toolchain/bin/../lib/gcc/avr/5.4.0/avr6\libgcc.a(_copy_data.o)
                0x000004a4                __do_copy_data
 .init4         0x000004be       0x10 d:/atmel studio/7.0/toolchain/avr8/avr8-gnu-toolchain/bin/../lib/gcc/avr/5.4.0/avr6\libgcc.a(_clear_bss.o)
                0x000004be                __do_clear_bss
 *(.init4)
 *(.init5)
 *(.init5)
 *(.init6)
 *(.init6)
 *(.init7)
 *(.init7)
 *(.init8)
 *(.init8)
 *(.init9)
 .init9         0x000004ce        0x8 D:/Atmel studio/7.0/Packs/atmel/ATmega_DFP/1.3.300/gcc/dev/atmega2560/avr6/crtatmega2560.o
 *(.init9)
 *(.text)
 .text          0x000004d6        0x2 D:/Atmel studio/7.0/Packs/atmel/ATmega_DFP/1.3.300/gcc/dev/atmega2560/avr6/crtatmega2560.o
                0x000004d6                __vector_38
                0x000004d6                __vector_22
                0x000004d6                __vector_28
                0x000004d6                __vector_1
                0x000004d6                __vector_32
                0x000004d6                __vector_34
                0x000004d6                __vector_24
                0x000004d6                __vector_46
                0x000004d6                __bad_interrupt
                0x000004d6                __vector_6
                0x000004d6                __vector_31
                0x000004d6                __vector_35
                0x000004d6                __vector_3
                0x000004d6                __vector_23
                0x000004d6                __vector_30
                0x000004d6                __vector_45
                0x000004d6                __vector_11
                0x000004d6                __vector_13
                0x000004d6                __vector_17
                0x000004d6                __vector_19
                0x000004d6                __vector_56
                0x000004d6                __vector_7
                0x000004d6                __vector_49
                0x000004d6                __vector_41
                0x000004d6                __vector_43
                0x000004d6                __vector_27
                0x000004d6                __vector_5
                0x000004d6                __vector_33
                0x000004d6                __vector_47
                0x000004d6                __vector_4
                0x000004d6                __vector_44
                0x000004d6                __vector_9
                0x000004d6                __vector_2
                0x000004d6                __vector_21
                0x000004d6                __vector_15
                0x000004d6                __vector_29
                0x000004d6                __vector_40
                0x000004d6                __vector_8
                0x000004d6                __vector_48
                0x000004d6                __vector_14
                0x000004d6                __vector_53
                0x000004d6                __vector_10
                0x000004d6                __vector_50
                0x000004d6                __vector_16
                0x000004d6                __vector_18
                0x000004d6                __vector_20
                0x000004d6                __vector_42
                0x000004d8                . = ALIGN (0x2)
 *(.text.*)
 .text.CO2_handler_task
                0x000004d8       0xe6 CO2Sensor.o
                0x000004d8                CO2_handler_task
 .text.CO2Sensor_create
                0x000005be       0x32 CO2Sensor.o
                0x000005be                CO2Sensor_create
 .text.lora_send_task_create
                0x000005f0       0x3a loraWANHandler.o
                0x000005f0                lora_send_task_create
 .text.lora_setup
                0x0000062a      0x194 loraWANHandler.o
                0x0000062a                lora_setup
 .text.lora_send_task
                0x000007be      0x12e loraWANHandler.o
                0x000007be                lora_send_task
 .text.getCO2   0x000008ec       0x26 ResourceHandler.o
                0x000008ec                getCO2
 .text.setCO2   0x00000912       0x60 ResourceHandler.o
                0x00000912                setCO2
 .text.getHumidity
                0x00000972       0x2e ResourceHandler.o
                0x00000972                getHumidity
 .text.setHumidity
                0x000009a0       0x5e ResourceHandler.o
                0x000009a0                setHumidity
 .text.getTemperature
                0x000009fe       0x2e ResourceHandler.o
                0x000009fe                getTemperature
 .text.setTemperature
                0x00000a2c       0x5c ResourceHandler.o
                0x00000a2c                setTemperature
 .text.init_resources
                0x00000a88       0x10 ResourceHandler.o
                0x00000a88                init_resources
 .text.trace_init
                0x00000a98        0xc FreeRTOS/FreeRTOSTraceDriver/FreeRTOSTraceDriver.o
                0x00000a98                trace_init
 .text.task_switch_in
                0x00000aa4       0x14 FreeRTOS/FreeRTOSTraceDriver/FreeRTOSTraceDriver.o
                0x00000aa4                task_switch_in
 .text.task_switch_out
                0x00000ab8        0xc FreeRTOS/FreeRTOSTraceDriver/FreeRTOSTraceDriver.o
                0x00000ab8                task_switch_out
 .text.xEventGroupCreate
                0x00000ac4       0x26 FreeRTOS/src/event_groups.o
                0x00000ac4                xEventGroupCreate
 .text.xEventGroupWaitBits
                0x00000aea      0x180 FreeRTOS/src/event_groups.o
                0x00000aea                xEventGroupWaitBits
 .text.xEventGroupSetBits
                0x00000c6a      0x132 FreeRTOS/src/event_groups.o
                0x00000c6a                xEventGroupSetBits
 .text.prvInsertBlockIntoFreeList
                0x00000d9c       0x9a FreeRTOS/src/heap_4.o
 .text.pvPortMalloc
                0x00000e36      0x172 FreeRTOS/src/heap_4.o
                0x00000e36                pvPortMalloc
 .text.vPortFree
                0x00000fa8       0x62 FreeRTOS/src/heap_4.o
                0x00000fa8                vPortFree
 .text.vListInitialise
                0x0000100a       0x22 FreeRTOS/src/list.o
                0x0000100a                vListInitialise
 .text.vListInitialiseItem
                0x0000102c        0x8 FreeRTOS/src/list.o
                0x0000102c                vListInitialiseItem
 .text.vListInsertEnd
                0x00001034       0x42 FreeRTOS/src/list.o
                0x00001034                vListInsertEnd
 .text.vListInsert
                0x00001076       0x7a FreeRTOS/src/list.o
                0x00001076                vListInsert
 .text.uxListRemove
                0x000010f0       0x4e FreeRTOS/src/list.o
                0x000010f0                uxListRemove
 .text.pxPortInitialiseStack
                0x0000113e       0xe4 FreeRTOS/src/port.o
                0x0000113e                pxPortInitialiseStack
 .text.xPortStartScheduler
                0x00001222       0x78 FreeRTOS/src/port.o
                0x00001222                xPortStartScheduler
 .text.vPortYield
                0x0000129a       0xc2 FreeRTOS/src/port.o
                0x0000129a                vPortYield
 .text.vPortYieldFromTick
                0x0000135c       0xca FreeRTOS/src/port.o
                0x0000135c                vPortYieldFromTick
 .text.__vector_12
                0x00001426        0x4 FreeRTOS/src/port.o
                0x00001426                __vector_12
 .text.prvIsQueueEmpty
                0x0000142a       0x16 FreeRTOS/src/queue.o
 .text.prvCopyDataToQueue
                0x00001440       0xbe FreeRTOS/src/queue.o
 .text.prvCopyDataFromQueue
                0x000014fe       0x34 FreeRTOS/src/queue.o
 .text.prvUnlockQueue
                0x00001532       0x9a FreeRTOS/src/queue.o
 .text.xQueueGenericReset
                0x000015cc       0x86 FreeRTOS/src/queue.o
                0x000015cc                xQueueGenericReset
 .text.xQueueGenericCreate
                0x00001652       0x5c FreeRTOS/src/queue.o
                0x00001652                xQueueGenericCreate
 .text.xQueueGenericSend
                0x000016ae      0x140 FreeRTOS/src/queue.o
                0x000016ae                xQueueGenericSend
 .text.xQueueCreateMutex
                0x000017ee       0x36 FreeRTOS/src/queue.o
                0x000017ee                xQueueCreateMutex
 .text.xQueueGenericSendFromISR
                0x00001824       0x72 FreeRTOS/src/queue.o
                0x00001824                xQueueGenericSendFromISR
 .text.xQueueReceive
                0x00001896      0x132 FreeRTOS/src/queue.o
                0x00001896                xQueueReceive
 .text.xQueueSemaphoreTake
                0x000019c8      0x19a FreeRTOS/src/queue.o
                0x000019c8                xQueueSemaphoreTake
 .text.vQueueWaitForMessageRestricted
                0x00001b62       0x36 FreeRTOS/src/queue.o
                0x00001b62                vQueueWaitForMessageRestricted
 .text.prvBytesInBuffer
                0x00001b98       0x26 FreeRTOS/src/stream_buffer.o
 .text.prvWriteBytesToBuffer
                0x00001bbe       0x92 FreeRTOS/src/stream_buffer.o
 .text.prvWriteMessageToBuffer
                0x00001c50       0x80 FreeRTOS/src/stream_buffer.o
 .text.prvReadBytesFromBuffer
                0x00001cd0       0x9c FreeRTOS/src/stream_buffer.o
 .text.xStreamBufferGenericCreate
                0x00001d6c       0x58 FreeRTOS/src/stream_buffer.o
                0x00001d6c                xStreamBufferGenericCreate
 .text.xStreamBufferReset
                0x00001dc4       0x5a FreeRTOS/src/stream_buffer.o
                0x00001dc4                xStreamBufferReset
 .text.xStreamBufferSpacesAvailable
                0x00001e1e       0x24 FreeRTOS/src/stream_buffer.o
                0x00001e1e                xStreamBufferSpacesAvailable
 .text.xStreamBufferSend
                0x00001e42      0x156 FreeRTOS/src/stream_buffer.o
                0x00001e42                xStreamBufferSend
 .text.xStreamBufferSendFromISR
                0x00001f98       0x86 FreeRTOS/src/stream_buffer.o
                0x00001f98                xStreamBufferSendFromISR
 .text.xStreamBufferReceive
                0x0000201e      0x144 FreeRTOS/src/stream_buffer.o
                0x0000201e                xStreamBufferReceive
 .text.prvResetNextTaskUnblockTime
                0x00002162       0x54 FreeRTOS/src/tasks.o
 .text.prvAddCurrentTaskToDelayedList
                0x000021b6       0xee FreeRTOS/src/tasks.o
 .text.xTaskCreate
                0x000022a4      0x23e FreeRTOS/src/tasks.o
                0x000022a4                xTaskCreate
 .text.vTaskStartScheduler
                0x000024e2       0x78 FreeRTOS/src/tasks.o
                0x000024e2                vTaskStartScheduler
 .text.vTaskSuspendAll
                0x0000255a        0xc FreeRTOS/src/tasks.o
                0x0000255a                vTaskSuspendAll
 .text.xTaskGetTickCount
                0x00002566       0x1c FreeRTOS/src/tasks.o
                0x00002566                xTaskGetTickCount
 .text.xTaskIncrementTick
                0x00002582      0x1aa FreeRTOS/src/tasks.o
                0x00002582                xTaskIncrementTick
 .text.xTaskResumeAll
                0x0000272c       0xf8 FreeRTOS/src/tasks.o
                0x0000272c                xTaskResumeAll
 .text.vTaskDelayUntil
                0x00002824       0xbc FreeRTOS/src/tasks.o
                0x00002824                vTaskDelayUntil
 .text.vTaskDelay
                0x000028e0       0x32 FreeRTOS/src/tasks.o
                0x000028e0                vTaskDelay
 .text.vTaskSwitchContext
                0x00002912       0xfe FreeRTOS/src/tasks.o
                0x00002912                vTaskSwitchContext
 .text.vTaskPlaceOnEventList
                0x00002a10       0x2e FreeRTOS/src/tasks.o
                0x00002a10                vTaskPlaceOnEventList
 .text.vTaskPlaceOnUnorderedEventList
                0x00002a3e       0x48 FreeRTOS/src/tasks.o
                0x00002a3e                vTaskPlaceOnUnorderedEventList
 .text.vTaskPlaceOnEventListRestricted
                0x00002a86       0x40 FreeRTOS/src/tasks.o
                0x00002a86                vTaskPlaceOnEventListRestricted
 .text.xTaskRemoveFromEventList
                0x00002ac6       0x84 FreeRTOS/src/tasks.o
                0x00002ac6                xTaskRemoveFromEventList
 .text.vTaskRemoveFromUnorderedEventList
                0x00002b4a       0x68 FreeRTOS/src/tasks.o
                0x00002b4a                vTaskRemoveFromUnorderedEventList
 .text.vTaskSetTimeOutState
                0x00002bb2       0x2c FreeRTOS/src/tasks.o
                0x00002bb2                vTaskSetTimeOutState
 .text.vTaskInternalSetTimeOutState
                0x00002bde       0x22 FreeRTOS/src/tasks.o
                0x00002bde                vTaskInternalSetTimeOutState
 .text.xTaskCheckForTimeOut
                0x00002c00       0xaa FreeRTOS/src/tasks.o
                0x00002c00                xTaskCheckForTimeOut
 .text.vTaskMissedYield
                0x00002caa        0x8 FreeRTOS/src/tasks.o
                0x00002caa                vTaskMissedYield
 .text.xTaskGetCurrentTaskHandle
                0x00002cb2        0xa FreeRTOS/src/tasks.o
                0x00002cb2                xTaskGetCurrentTaskHandle
 .text.xTaskGetSchedulerState
                0x00002cbc       0x1c FreeRTOS/src/tasks.o
                0x00002cbc                xTaskGetSchedulerState
 .text.xTaskPriorityInherit
                0x00002cd8       0xdc FreeRTOS/src/tasks.o
                0x00002cd8                xTaskPriorityInherit
 .text.xTaskPriorityDisinherit
                0x00002db4       0x80 FreeRTOS/src/tasks.o
                0x00002db4                xTaskPriorityDisinherit
 .text.vTaskPriorityDisinheritAfterTimeout
                0x00002e34       0x98 FreeRTOS/src/tasks.o
                0x00002e34                vTaskPriorityDisinheritAfterTimeout
 .text.uxTaskResetEventItemValue
                0x00002ecc       0x50 FreeRTOS/src/tasks.o
                0x00002ecc                uxTaskResetEventItemValue
 .text.pvTaskIncrementMutexHeldCount
                0x00002f1c       0x24 FreeRTOS/src/tasks.o
                0x00002f1c                pvTaskIncrementMutexHeldCount
 .text.xTaskNotifyWait
                0x00002f40      0x114 FreeRTOS/src/tasks.o
                0x00002f40                xTaskNotifyWait
 .text.xTaskGenericNotify
                0x00003054       0xf0 FreeRTOS/src/tasks.o
                0x00003054                xTaskGenericNotify
 .text.xTaskGenericNotifyFromISR
                0x00003144      0x112 FreeRTOS/src/tasks.o
                0x00003144                xTaskGenericNotifyFromISR
 .text.xTaskNotifyStateClear
                0x00003256       0x28 FreeRTOS/src/tasks.o
                0x00003256                xTaskNotifyStateClear
 .text.prvInsertTimerInActiveList
                0x0000327e       0x92 FreeRTOS/src/timers.o
 .text.prvCheckForValidListAndQueue
                0x00003310       0x52 FreeRTOS/src/timers.o
 .text.xTimerCreateTimerTask
                0x00003362       0x42 FreeRTOS/src/timers.o
                0x00003362                xTimerCreateTimerTask
 .text.xTimerGenericCommand
                0x000033a4       0xbc FreeRTOS/src/timers.o
                0x000033a4                xTimerGenericCommand
 .text.prvSampleTimeNow
                0x00003460      0x12c FreeRTOS/src/timers.o
 .text.vApplicationIdleHook
                0x0000358c        0x2 FreeRTOS/src/variantHooks.o
                0x0000358c                vApplicationIdleHook
 .text.vApplicationMallocFailedHook
                0x0000358e       0x1a FreeRTOS/src/variantHooks.o
                0x0000358e                vApplicationMallocFailedHook
 .text.vApplicationStackOverflowHook
                0x000035a8       0x1a FreeRTOS/src/variantHooks.o
                0x000035a8                vApplicationStackOverflowHook
 .text.hum_temp_task
                0x000035c2      0x18e HumidityTemperatureSensor.o
                0x000035c2                hum_temp_task
 .text.HumidityTemperatureSensor_create
                0x00003750       0x2a HumidityTemperatureSensor.o
                0x00003750                HumidityTemperatureSensor_create
 .text.create_tasks_and_semaphores
                0x0000377a       0x9a main.o
                0x0000377a                create_tasks_and_semaphores
 .text.create_event_groups_and_queues
                0x00003814       0x32 main.o
                0x00003814                create_event_groups_and_queues
 .text.initialiseSystem
                0x00003846       0x28 main.o
                0x00003846                initialiseSystem
 .text.main     0x0000386e       0x20 main.o
                0x0000386e                main
 .text.avr-libc.fplib
                0x0000388e        0xa d:/atmel studio/7.0/toolchain/avr8/avr8-gnu-toolchain/bin/../lib/gcc/avr/5.4.0/../../../../avr/lib/avr6\libm.a(fixsfsi.o)
                0x0000388e                __fixsfsi
 .text.avr-libc.fplib
                0x00003898       0x58 d:/atmel studio/7.0/toolchain/avr8/avr8-gnu-toolchain/bin/../lib/gcc/avr/5.4.0/../../../../avr/lib/avr6\libm.a(fixunssfsi.o)
                0x00003898                __fixunssfsi
 .text.avr-libc.fplib
                0x000038f0       0x44 d:/atmel studio/7.0/toolchain/avr8/avr8-gnu-toolchain/bin/../lib/gcc/avr/5.4.0/../../../../avr/lib/avr6\libm.a(fp_split3.o)
                0x000038f0                __fp_split3
                0x00003900                __fp_splitA
 .text.avr-libc.fplib
                0x00003934        0xe d:/atmel studio/7.0/toolchain/avr8/avr8-gnu-toolchain/bin/../lib/gcc/avr/5.4.0/../../../../avr/lib/avr6\libm.a(fp_zero.o)
                0x00003934                __fp_zero
                0x00003936                __fp_szero
 .text.hal_create
                0x00003942       0x64 ../drivers\libIotLibrary.a(hal.o)
                0x00003942                hal_create
 .text._hihTwiCallback
                0x000039a6       0x5a ../drivers\libIotLibrary.a(hih8120.o)
 .text.hih8120Create
                0x00003a00       0x30 ../drivers\libIotLibrary.a(hih8120.o)
                0x00003a00                hih8120Create
 .text.hih8120Wakeup
                0x00003a30       0x2a ../drivers\libIotLibrary.a(hih8120.o)
                0x00003a30                hih8120Wakeup
 .text.hih8120Meassure
                0x00003a5a       0x22 ../drivers\libIotLibrary.a(hih8120.o)
                0x00003a5a                hih8120Meassure
 .text.hih8120GetHumidity
                0x00003a7c       0x2a ../drivers\libIotLibrary.a(hih8120.o)
                0x00003a7c                hih8120GetHumidity
 .text.hih8120GetTemperature
                0x00003aa6       0x36 ../drivers\libIotLibrary.a(hih8120.o)
                0x00003aa6                hih8120GetTemperature
 .text._turn_off
                0x00003adc       0x5c ../drivers\libIotLibrary.a(led.o)
 .text._turn_on
                0x00003b38       0x5c ../drivers\libIotLibrary.a(led.o)
 .text._hal_led_task
                0x00003b94       0x84 ../drivers\libIotLibrary.a(led.o)
 .text.led_create
                0x00003c18      0x10a ../drivers\libIotLibrary.a(led.o)
                0x00003c18                led_create
 .text.led_long_puls
                0x00003d22       0x24 ../drivers\libIotLibrary.a(led.o)
                0x00003d22                led_long_puls
 .text.led_short_puls
                0x00003d46       0x24 ../drivers\libIotLibrary.a(led.o)
                0x00003d46                led_short_puls
 .text._serial_call_back
                0x00003d6a       0x8c ../drivers\libIotLibrary.a(lora_driver.o)
 .text._upload_message
                0x00003df6       0xb4 ../drivers\libIotLibrary.a(lora_driver.o)
 .text._reply2return_code
                0x00003eaa       0xea ../drivers\libIotLibrary.a(lora_driver.o)
 .text._upload_message_rc
                0x00003f94        0x6 ../drivers\libIotLibrary.a(lora_driver.o)
 .text.lora_driver_flush_buffers
                0x00003f9a        0xe ../drivers\libIotLibrary.a(lora_driver.o)
                0x00003f9a                lora_driver_flush_buffers
 .text.lora_driver_create
                0x00003fa8       0x86 ../drivers\libIotLibrary.a(lora_driver.o)
                0x00003fa8                lora_driver_create
 .text.lora_driver_reset_rn2483
                0x0000402e       0x28 ../drivers\libIotLibrary.a(lora_driver.o)
                0x0000402e                lora_driver_reset_rn2483
 .text.lora_driver_rn2483_factory_reset
                0x00004056       0x24 ../drivers\libIotLibrary.a(lora_driver.o)
                0x00004056                lora_driver_rn2483_factory_reset
 .text.lora_driver_get_rn2483_hweui
                0x0000407a       0x38 ../drivers\libIotLibrary.a(lora_driver.o)
                0x0000407a                lora_driver_get_rn2483_hweui
 .text.lora_driver_set_device_identifier
                0x000040b2       0x22 ../drivers\libIotLibrary.a(lora_driver.o)
                0x000040b2                lora_driver_set_device_identifier
 .text.lora_driver_set_application_identifier
                0x000040d4       0x22 ../drivers\libIotLibrary.a(lora_driver.o)
                0x000040d4                lora_driver_set_application_identifier
 .text.lora_driver_set_application_key
                0x000040f6       0x22 ../drivers\libIotLibrary.a(lora_driver.o)
                0x000040f6                lora_driver_set_application_key
 .text.lora_driver_save_mac
                0x00004118        0xc ../drivers\libIotLibrary.a(lora_driver.o)
                0x00004118                lora_driver_save_mac
 .text.lora_driver_join
                0x00004124       0x52 ../drivers\libIotLibrary.a(lora_driver.o)
                0x00004124                lora_driver_join
 .text.lora_driver_sent_upload_message
                0x00004176      0x196 ../drivers\libIotLibrary.a(lora_driver.o)
                0x00004176                lora_driver_sent_upload_message
 .text.lora_driver_set_adaptive_data_rate
                0x0000430c       0x16 ../drivers\libIotLibrary.a(lora_driver.o)
                0x0000430c                lora_driver_set_adaptive_data_rate
 .text.lora_driver_set_receive_delay
                0x00004322       0x30 ../drivers\libIotLibrary.a(lora_driver.o)
                0x00004322                lora_driver_set_receive_delay
 .text.lora_driver_configure_to_eu868
                0x00004352      0x1bc ../drivers\libIotLibrary.a(lora_driver.o)
                0x00004352                lora_driver_configure_to_eu868
 .text.lora_driver_set_otaa_identity
                0x0000450e       0x42 ../drivers\libIotLibrary.a(lora_driver.o)
                0x0000450e                lora_driver_set_otaa_identity
 .text.lora_driver_map_return_code_to_text
                0x00004550       0x18 ../drivers\libIotLibrary.a(lora_driver.o)
                0x00004550                lora_driver_map_return_code_to_text
 .text.decode_port_no
                0x00004568       0x58 ../drivers\libIotLibrary.a(lora_driver_utils.o)
                0x00004568                decode_port_no
 .text.decode_hexadecimal_string_bytes
                0x000045c0       0x92 ../drivers\libIotLibrary.a(lora_driver_utils.o)
                0x000045c0                decode_hexadecimal_string_bytes
 .text.reg_read_register
                0x00004652        0x6 ../drivers\libIotLibrary.a(mega_register_access.o)
                0x00004652                reg_read_register
 .text.reg_read_bit
                0x00004658       0x16 ../drivers\libIotLibrary.a(mega_register_access.o)
                0x00004658                reg_read_bit
 .text.reg_read_bits
                0x0000466e        0x8 ../drivers\libIotLibrary.a(mega_register_access.o)
                0x0000466e                reg_read_bits
 .text.reg_set_register
                0x00004676        0x6 ../drivers\libIotLibrary.a(mega_register_access.o)
                0x00004676                reg_set_register
 .text.reg_clear_register
                0x0000467c        0x6 ../drivers\libIotLibrary.a(mega_register_access.o)
                0x0000467c                reg_clear_register
 .text.reg_set_bit
                0x00004682       0x18 ../drivers\libIotLibrary.a(mega_register_access.o)
                0x00004682                reg_set_bit
 .text.reg_set_bits
                0x0000469a        0xa ../drivers\libIotLibrary.a(mega_register_access.o)
                0x0000469a                reg_set_bits
 .text.reg_toggle_bit
                0x000046a4       0x18 ../drivers\libIotLibrary.a(mega_register_access.o)
                0x000046a4                reg_toggle_bit
 .text.reg_toggle_bits
                0x000046bc        0xa ../drivers\libIotLibrary.a(mega_register_access.o)
                0x000046bc                reg_toggle_bits
 .text.reg_clear_bit
                0x000046c6       0x1a ../drivers\libIotLibrary.a(mega_register_access.o)
                0x000046c6                reg_clear_bit
 .text.reg_clear_bits
                0x000046e0        0xc ../drivers\libIotLibrary.a(mega_register_access.o)
                0x000046e0                reg_clear_bits
 .text._serial_call_back
                0x000046ec       0xb6 ../drivers\libIotLibrary.a(mh_z19.o)
 .text.mh_z19_create
                0x000047a2       0x5c ../drivers\libIotLibrary.a(mh_z19.o)
                0x000047a2                mh_z19_create
 .text.mh_z19_take_meassuring
                0x000047fe       0x5e ../drivers\libIotLibrary.a(mh_z19.o)
                0x000047fe                mh_z19_take_meassuring
 .text.serial_new_instance
                0x0000485c      0x12e ../drivers\libIotLibrary.a(serial.o)
                0x0000485c                serial_new_instance
 .text.serial_send_byte
                0x0000498a       0x4a ../drivers\libIotLibrary.a(serial.o)
                0x0000498a                serial_send_byte
 .text.serial_send_bytes
                0x000049d4       0xa0 ../drivers\libIotLibrary.a(serial.o)
                0x000049d4                serial_send_bytes
 .text.serial_get_byte
                0x00004a74       0x38 ../drivers\libIotLibrary.a(serial.o)
                0x00004a74                serial_get_byte
 .text.__vector_25
                0x00004aac       0xa4 ../drivers\libIotLibrary.a(serial.o)
                0x00004aac                __vector_25
 .text.__vector_26
                0x00004b50       0x88 ../drivers\libIotLibrary.a(serial.o)
                0x00004b50                __vector_26
 .text.__vector_36
                0x00004bd8       0xa4 ../drivers\libIotLibrary.a(serial.o)
                0x00004bd8                __vector_36
 .text.__vector_37
                0x00004c7c       0x88 ../drivers\libIotLibrary.a(serial.o)
                0x00004c7c                __vector_37
 .text.__vector_51
                0x00004d04       0xa4 ../drivers\libIotLibrary.a(serial.o)
                0x00004d04                __vector_51
 .text.__vector_52
                0x00004da8       0x88 ../drivers\libIotLibrary.a(serial.o)
                0x00004da8                __vector_52
 .text.__vector_54
                0x00004e30       0xa4 ../drivers\libIotLibrary.a(serial.o)
                0x00004e30                __vector_54
 .text.__vector_55
                0x00004ed4       0x88 ../drivers\libIotLibrary.a(serial.o)
                0x00004ed4                __vector_55
 .text.usart_getchar
                0x00004f5c       0x2a ../drivers\libIotLibrary.a(stdio_driver.o)
 .text.usart_putchar
                0x00004f86       0x12 ../drivers\libIotLibrary.a(stdio_driver.o)
 .text.stdioCreate
                0x00004f98       0x52 ../drivers\libIotLibrary.a(stdio_driver.o)
                0x00004f98                stdioCreate
 .text._initTwiInterface
                0x00004fea       0x22 ../drivers\libIotLibrary.a(twi.o)
 .text.twiCreate
                0x0000500c       0x9a ../drivers\libIotLibrary.a(twi.o)
                0x0000500c                twiCreate
 .text.twiIsBusy
                0x000050a6        0x8 ../drivers\libIotLibrary.a(twi.o)
                0x000050a6                twiIsBusy
 .text.twiTransmit
                0x000050ae       0x98 ../drivers\libIotLibrary.a(twi.o)
                0x000050ae                twiTransmit
 .text.twiReceive
                0x00005146       0x66 ../drivers\libIotLibrary.a(twi.o)
                0x00005146                twiReceive
 .text.__vector_39
                0x000051ac      0x17a ../drivers\libIotLibrary.a(twi.o)
                0x000051ac                __vector_39
 .text.fifo_init
                0x00005326       0x38 ../drivers\libIotLibrary.a(fifo.o)
                0x00005326                fifo_init
 .text.avr-libc.fplib
                0x0000535e        0xa d:/atmel studio/7.0/toolchain/avr8/avr8-gnu-toolchain/bin/../lib/gcc/avr/5.4.0/../../../../avr/lib/avr6\libm.a(addsf3.o)
                0x0000535e                __subsf3
                0x00005360                __addsf3
 .text.avr-libc.fplib
                0x00005368       0xc4 d:/atmel studio/7.0/toolchain/avr8/avr8-gnu-toolchain/bin/../lib/gcc/avr/5.4.0/../../../../avr/lib/avr6\libm.a(addsf3x.o)
                0x00005382                __addsf3x
 .text.avr-libc.fplib
                0x0000542c        0x4 d:/atmel studio/7.0/toolchain/avr8/avr8-gnu-toolchain/bin/../lib/gcc/avr/5.4.0/../../../../avr/lib/avr6\libm.a(divsf3.o)
                0x0000542c                __divsf3
 .text.avr-libc.fplib
                0x00005430       0xd2 d:/atmel studio/7.0/toolchain/avr8/avr8-gnu-toolchain/bin/../lib/gcc/avr/5.4.0/../../../../avr/lib/avr6\libm.a(divsf3x.o)
                0x00005448                __divsf3x
                0x0000544e                __divsf3_pse
 .text.avr-libc.fplib
                0x00005502       0x7a d:/atmel studio/7.0/toolchain/avr8/avr8-gnu-toolchain/bin/../lib/gcc/avr/5.4.0/../../../../avr/lib/avr6\libm.a(floatsisf.o)
                0x00005502                __floatunsisf
                0x00005506                __floatsisf
 .text.avr-libc.fplib
                0x0000557c        0xc d:/atmel studio/7.0/toolchain/avr8/avr8-gnu-toolchain/bin/../lib/gcc/avr/5.4.0/../../../../avr/lib/avr6\libm.a(fp_inf.o)
                0x0000557c                __fp_inf
 .text.avr-libc.fplib
                0x00005588        0x6 d:/atmel studio/7.0/toolchain/avr8/avr8-gnu-toolchain/bin/../lib/gcc/avr/5.4.0/../../../../avr/lib/avr6\libm.a(fp_nan.o)
                0x00005588                __fp_nan
 .text.avr-libc.fplib
                0x0000558e        0xe d:/atmel studio/7.0/toolchain/avr8/avr8-gnu-toolchain/bin/../lib/gcc/avr/5.4.0/../../../../avr/lib/avr6\libm.a(fp_pscA.o)
                0x0000558e                __fp_pscA
 .text.avr-libc.fplib
                0x0000559c        0xe d:/atmel studio/7.0/toolchain/avr8/avr8-gnu-toolchain/bin/../lib/gcc/avr/5.4.0/../../../../avr/lib/avr6\libm.a(fp_pscB.o)
                0x0000559c                __fp_pscB
 .text.avr-libc.fplib
                0x000055aa       0x22 d:/atmel studio/7.0/toolchain/avr8/avr8-gnu-toolchain/bin/../lib/gcc/avr/5.4.0/../../../../avr/lib/avr6\libm.a(fp_round.o)
                0x000055aa                __fp_round
 .text.avr-libc.fplib
                0x000055cc        0x4 d:/atmel studio/7.0/toolchain/avr8/avr8-gnu-toolchain/bin/../lib/gcc/avr/5.4.0/../../../../avr/lib/avr6\libm.a(mulsf3.o)
                0x000055cc                __mulsf3
 .text.avr-libc.fplib
                0x000055d0       0xc8 d:/atmel studio/7.0/toolchain/avr8/avr8-gnu-toolchain/bin/../lib/gcc/avr/5.4.0/../../../../avr/lib/avr6\libm.a(mulsf3x.o)
                0x000055e6                __mulsf3x
                0x000055ec                __mulsf3_pse
 .text.libgcc.div
                0x00005698       0x44 d:/atmel studio/7.0/toolchain/avr8/avr8-gnu-toolchain/bin/../lib/gcc/avr/5.4.0/avr6\libgcc.a(_udivmodsi4.o)
                0x00005698                __udivmodsi4
 .text.libgcc   0x000056dc       0x10 d:/atmel studio/7.0/toolchain/avr8/avr8-gnu-toolchain/bin/../lib/gcc/avr/5.4.0/avr6\libgcc.a(_tablejump2.o)
                0x000056dc                __tablejump2__
 .text.avr-libc
                0x000056ec       0x34 d:/atmel studio/7.0/toolchain/avr8/avr8-gnu-toolchain/bin/../lib/gcc/avr/5.4.0/../../../../avr/lib/avr6\libc.a(calloc.o)
                0x000056ec                calloc
 .text.avr-libc
                0x00005720      0x242 d:/atmel studio/7.0/toolchain/avr8/avr8-gnu-toolchain/bin/../lib/gcc/avr/5.4.0/../../../../avr/lib/avr6\libc.a(malloc.o)
                0x00005720                malloc
                0x00005850                free
 .text.avr-libc
                0x00005962        0x8 d:/atmel studio/7.0/toolchain/avr8/avr8-gnu-toolchain/bin/../lib/gcc/avr/5.4.0/../../../../avr/lib/avr6\libc.a(abort.o)
                0x00005962                abort
 .text.avr-libc
                0x0000596a       0x12 d:/atmel studio/7.0/toolchain/avr8/avr8-gnu-toolchain/bin/../lib/gcc/avr/5.4.0/../../../../avr/lib/avr6\libc.a(memcpy.o)
                0x0000596a                memcpy
 .text.avr-libc
                0x0000597c        0xe d:/atmel studio/7.0/toolchain/avr8/avr8-gnu-toolchain/bin/../lib/gcc/avr/5.4.0/../../../../avr/lib/avr6\libc.a(memset.o)
                0x0000597c                memset
 .text.avr-libc
                0x0000598a       0x4a d:/atmel studio/7.0/toolchain/avr8/avr8-gnu-toolchain/bin/../lib/gcc/avr/5.4.0/../../../../avr/lib/avr6\libc.a(strcasestr.o)
                0x0000598a                strcasestr
 .text.avr-libc
                0x000059d4       0x16 d:/atmel studio/7.0/toolchain/avr8/avr8-gnu-toolchain/bin/../lib/gcc/avr/5.4.0/../../../../avr/lib/avr6\libc.a(strcat.o)
                0x000059d4                strcat
 .text.avr-libc
                0x000059ea        0xe d:/atmel studio/7.0/toolchain/avr8/avr8-gnu-toolchain/bin/../lib/gcc/avr/5.4.0/../../../../avr/lib/avr6\libc.a(strcpy.o)
                0x000059ea                strcpy
 .text.avr-libc
                0x000059f8       0x30 d:/atmel studio/7.0/toolchain/avr8/avr8-gnu-toolchain/bin/../lib/gcc/avr/5.4.0/../../../../avr/lib/avr6\libc.a(strncasecmp.o)
                0x000059f8                strncasecmp
 .text.avr-libc
                0x00005a28       0x26 d:/atmel studio/7.0/toolchain/avr8/avr8-gnu-toolchain/bin/../lib/gcc/avr/5.4.0/../../../../avr/lib/avr6\libc.a(printf.o)
                0x00005a28                printf
 .text.avr-libc
                0x00005a4e       0x60 d:/atmel studio/7.0/toolchain/avr8/avr8-gnu-toolchain/bin/../lib/gcc/avr/5.4.0/../../../../avr/lib/avr6\libc.a(puts.o)
                0x00005a4e                puts
 .text.avr-libc
                0x00005aae       0x5c d:/atmel studio/7.0/toolchain/avr8/avr8-gnu-toolchain/bin/../lib/gcc/avr/5.4.0/../../../../avr/lib/avr6\libc.a(sprintf.o)
                0x00005aae                sprintf
 .text.avr-libc
                0x00005b0a      0x3fa d:/atmel studio/7.0/toolchain/avr8/avr8-gnu-toolchain/bin/../lib/gcc/avr/5.4.0/../../../../avr/lib/avr6\libc.a(vfprintf_std.o)
                0x00005b0a                vfprintf
 .text.avr-libc
                0x00005f04       0x16 d:/atmel studio/7.0/toolchain/avr8/avr8-gnu-toolchain/bin/../lib/gcc/avr/5.4.0/../../../../avr/lib/avr6\libc.a(strnlen_P.o)
                0x00005f04                strnlen_P
 .text.avr-libc
                0x00005f1a       0x16 d:/atmel studio/7.0/toolchain/avr8/avr8-gnu-toolchain/bin/../lib/gcc/avr/5.4.0/../../../../avr/lib/avr6\libc.a(strnlen.o)
                0x00005f1a                strnlen
 .text.avr-libc
                0x00005f30       0x78 d:/atmel studio/7.0/toolchain/avr8/avr8-gnu-toolchain/bin/../lib/gcc/avr/5.4.0/../../../../avr/lib/avr6\libc.a(fputc.o)
                0x00005f30                fputc
 .text.avr-libc
                0x00005fa8       0xbc d:/atmel studio/7.0/toolchain/avr8/avr8-gnu-toolchain/bin/../lib/gcc/avr/5.4.0/../../../../avr/lib/avr6\libc.a(ultoa_invert.o)
                0x00005fa8                __ultoa_invert
                0x00006064                . = ALIGN (0x2)
 *(.fini9)
 .fini9         0x00006064        0x0 d:/atmel studio/7.0/toolchain/avr8/avr8-gnu-toolchain/bin/../lib/gcc/avr/5.4.0/avr6\libgcc.a(_exit.o)
                0x00006064                _exit
                0x00006064                exit
 *(.fini9)
 *(.fini8)
 *(.fini8)
 *(.fini7)
 *(.fini7)
 *(.fini6)
 *(.fini6)
 *(.fini5)
 *(.fini5)
 *(.fini4)
 *(.fini4)
 *(.fini3)
 *(.fini3)
 *(.fini2)
 *(.fini2)
 *(.fini1)
 *(.fini1)
 *(.fini0)
 .fini0         0x00006064        0x4 d:/atmel studio/7.0/toolchain/avr8/avr8-gnu-toolchain/bin/../lib/gcc/avr/5.4.0/avr6\libgcc.a(_exit.o)
 *(.fini0)
                0x00006068                _etext = .

.data           0x00800200      0x658 load address 0x00006068
                0x00800200                PROVIDE (__data_start, .)
 *(.data)
 .data          0x00800200        0x6 d:/atmel studio/7.0/toolchain/avr8/avr8-gnu-toolchain/bin/../lib/gcc/avr/5.4.0/../../../../avr/lib/avr6\libc.a(malloc.o)
                0x00800200                __malloc_heap_end
                0x00800202                __malloc_heap_start
                0x00800204                __malloc_margin
 *(.data*)
 .data._temp    0x00800206        0x2 ../drivers\libIotLibrary.a(hih8120.o)
 .data._hum     0x00800208        0x2 ../drivers\libIotLibrary.a(hih8120.o)
 .data._com_port_2_udr
                0x0080020a        0x8 ../drivers\libIotLibrary.a(serial.o)
                0x0080020a                _com_port_2_udr
 .data.mystdout.1881
                0x00800212        0xe ../drivers\libIotLibrary.a(stdio_driver.o)
 .data._twiCurrentState
                0x00800220        0x1 ../drivers\libIotLibrary.a(twi.o)
 *(.gnu.linkonce.d*)
 *(.rodata)
 .rodata        0x00800221       0x20 ../drivers\libIotLibrary.a(lora_driver.o)
 .rodata        0x00800241       0x2d ../drivers\libIotLibrary.a(mh_z19.o)
 *(.rodata*)
 .rodata.str1.1
                0x0080026e       0x6f CO2Sensor.o
 .rodata.str1.1
                0x008002dd      0x14a loraWANHandler.o
 .rodata.str1.1
                0x00800427        0x5 FreeRTOS/src/tasks.o
 .rodata.str1.1
                0x0080042c        0x8 FreeRTOS/src/timers.o
 .rodata.str1.1
                0x00800434       0xc4 HumidityTemperatureSensor.o
                                 0xdb (size before relaxing)
 .rodata.str1.1
                0x008004f8       0x8b main.o
 .rodata.str1.1
                0x00800583        0x8 ../drivers\libIotLibrary.a(led.o)
 .rodata.str1.1
                0x0080058b      0x295 ../drivers\libIotLibrary.a(lora_driver.o)
                                0x2a5 (size before relaxing)
 .rodata._join_mode
                0x00800820        0x4 ../drivers\libIotLibrary.a(lora_driver.o)
 .rodata._return_code
                0x00800824       0x33 ../drivers\libIotLibrary.a(lora_driver.o)
                0x00800824                _return_code
 *(.gnu.linkonce.r*)
                0x00800858                . = ALIGN (0x2)
 *fill*         0x00800857        0x1 
                0x00800858                _edata = .
                0x00800858                PROVIDE (__data_end, .)

.bss            0x00800858     0x1275
                0x00800858                PROVIDE (__bss_start, .)
 *(.bss)
 *(.bss*)
 .bss.rc.2712   0x00800858        0x1 loraWANHandler.o
 .bss._uplink_payload
                0x00800859       0x16 loraWANHandler.o
 .bss._out_buf  0x0080086f       0x64 loraWANHandler.o
 .bss.isTaken_temperature
                0x008008d3        0x1 ResourceHandler.o
                0x008008d3                isTaken_temperature
 .bss.isTaken_humidity
                0x008008d4        0x1 ResourceHandler.o
                0x008008d4                isTaken_humidity
 .bss.isTaken_CO2
                0x008008d5        0x1 ResourceHandler.o
                0x008008d5                isTaken_CO2
 .bss.xBlockAllocatedBit
                0x008008d6        0x2 FreeRTOS/src/heap_4.o
 .bss.xMinimumEverFreeBytesRemaining
                0x008008d8        0x2 FreeRTOS/src/heap_4.o
 .bss.xFreeBytesRemaining
                0x008008da        0x2 FreeRTOS/src/heap_4.o
 .bss.pxEnd     0x008008dc        0x2 FreeRTOS/src/heap_4.o
 .bss.xStart    0x008008de        0x4 FreeRTOS/src/heap_4.o
 .bss.ucHeap    0x008008e2      0xfa0 FreeRTOS/src/heap_4.o
 .bss.uxSchedulerSuspended
                0x00801882        0x1 FreeRTOS/src/tasks.o
 .bss.xIdleTaskHandle
                0x00801883        0x2 FreeRTOS/src/tasks.o
 .bss.xNextTaskUnblockTime
                0x00801885        0x4 FreeRTOS/src/tasks.o
 .bss.uxTaskNumber
                0x00801889        0x1 FreeRTOS/src/tasks.o
 .bss.xNumOfOverflows
                0x0080188a        0x1 FreeRTOS/src/tasks.o
 .bss.xYieldPending
                0x0080188b        0x1 FreeRTOS/src/tasks.o
 .bss.uxPendedTicks
                0x0080188c        0x1 FreeRTOS/src/tasks.o
 .bss.xSchedulerRunning
                0x0080188d        0x1 FreeRTOS/src/tasks.o
 .bss.uxTopReadyPriority
                0x0080188e        0x1 FreeRTOS/src/tasks.o
 .bss.xTickCount
                0x0080188f        0x4 FreeRTOS/src/tasks.o
 .bss.uxCurrentNumberOfTasks
                0x00801893        0x1 FreeRTOS/src/tasks.o
 .bss.xSuspendedTaskList
                0x00801894        0xb FreeRTOS/src/tasks.o
 .bss.uxDeletedTasksWaitingCleanUp
                0x0080189f        0x1 FreeRTOS/src/tasks.o
 .bss.xTasksWaitingTermination
                0x008018a0        0xb FreeRTOS/src/tasks.o
 .bss.xPendingReadyList
                0x008018ab        0xb FreeRTOS/src/tasks.o
 .bss.pxOverflowDelayedTaskList
                0x008018b6        0x2 FreeRTOS/src/tasks.o
 .bss.pxDelayedTaskList
                0x008018b8        0x2 FreeRTOS/src/tasks.o
 .bss.xDelayedTaskList2
                0x008018ba        0xb FreeRTOS/src/tasks.o
 .bss.xDelayedTaskList1
                0x008018c5        0xb FreeRTOS/src/tasks.o
 .bss.pxReadyTasksLists
                0x008018d0       0x2c FreeRTOS/src/tasks.o
 .bss.pxCurrentTCB
                0x008018fc        0x2 FreeRTOS/src/tasks.o
                0x008018fc                pxCurrentTCB
 .bss.xLastTime.2432
                0x008018fe        0x4 FreeRTOS/src/timers.o
 .bss.xTimerTaskHandle
                0x00801902        0x2 FreeRTOS/src/timers.o
 .bss.xTimerQueue
                0x00801904        0x2 FreeRTOS/src/timers.o
 .bss.pxOverflowTimerList
                0x00801906        0x2 FreeRTOS/src/timers.o
 .bss.pxCurrentTimerList
                0x00801908        0x2 FreeRTOS/src/timers.o
 .bss.xActiveTimerList2
                0x0080190a        0xb FreeRTOS/src/timers.o
 .bss.xActiveTimerList1
                0x00801915        0xb FreeRTOS/src/timers.o
 .bss._measuringIsReady
                0x00801920        0x1 ../drivers\libIotLibrary.a(hih8120.o)
 .bss._hih8120Handler
                0x00801921        0x2 ../drivers\libIotLibrary.a(hih8120.o)
 .bss._led_status
                0x00801923       0x18 ../drivers\libIotLibrary.a(led.o)
 .bss._tmp_buf.2940
                0x0080193b       0x64 ../drivers\libIotLibrary.a(lora_driver.o)
 .bss.rec_buf_inp.2947
                0x0080199f        0x1 ../drivers\libIotLibrary.a(lora_driver.o)
 .bss._downlinkMessageBuffer
                0x008019a0        0x2 ../drivers\libIotLibrary.a(lora_driver.o)
 .bss._serial_reply_buffer_handle
                0x008019a2        0x2 ../drivers\libIotLibrary.a(lora_driver.o)
 .bss._rn2483_serial
                0x008019a4        0x2 ../drivers\libIotLibrary.a(lora_driver.o)
 .bss._downlink_payload
                0x008019a6       0x16 ../drivers\libIotLibrary.a(lora_driver.o)
 .bss._pay_load_hex_bytes
                0x008019bc       0x15 ../drivers\libIotLibrary.a(lora_driver.o)
 .bss._rec_message_buf
                0x008019d1       0x2d ../drivers\libIotLibrary.a(lora_driver.o)
 .bss._send_message
                0x008019fe       0x2d ../drivers\libIotLibrary.a(lora_driver.o)
 .bss._reply_mess
                0x00801a2b       0x2d ../drivers\libIotLibrary.a(lora_driver.o)
 .bss.data.1940
                0x00801a58        0x2 ../drivers\libIotLibrary.a(mh_z19.o)
 .bss.inDex.1939
                0x00801a5a        0x1 ../drivers\libIotLibrary.a(mh_z19.o)
 .bss.crc_sum.1941
                0x00801a5b        0x1 ../drivers\libIotLibrary.a(mh_z19.o)
 .bss._app_call_back
                0x00801a5c        0x2 ../drivers\libIotLibrary.a(mh_z19.o)
 .bss._mh_state
                0x00801a5e        0x1 ../drivers\libIotLibrary.a(mh_z19.o)
                0x00801a5e                _mh_state
 .bss._ppm      0x00801a5f        0x2 ../drivers\libIotLibrary.a(mh_z19.o)
 .bss._serial   0x00801a61        0x2 ../drivers\libIotLibrary.a(mh_z19.o)
 .bss._ser_handle
                0x00801a63        0x8 ../drivers\libIotLibrary.a(serial.o)
 .bss._com_serial_instance
                0x00801a6b        0x2 ../drivers\libIotLibrary.a(stdio_driver.o)
 .bss._index.1885
                0x00801a6d        0x1 ../drivers\libIotLibrary.a(twi.o)
 .bss._twiCurrentHandler
                0x00801a6e        0x2 ../drivers\libIotLibrary.a(twi.o)
 .bss._twiMessageLen
                0x00801a70        0x1 ../drivers\libIotLibrary.a(twi.o)
 .bss._twiMessageBuffer
                0x00801a71        0xa ../drivers\libIotLibrary.a(twi.o)
 .bss._twiIsInitiated
                0x00801a7b        0x1 ../drivers\libIotLibrary.a(twi.o)
 *(COMMON)
 COMMON         0x00801a7c        0xd CO2Sensor.o
                0x00801a7c                Mutex_humidity
                0x00801a7e                Data_event_group
                0x00801a80                Send_receive_event_group
                0x00801a82                Measure_event_group
                0x00801a84                return_code
                0x00801a85                Mutex_temperature
                0x00801a87                Mutex_CO2
 COMMON         0x00801a89       0x18 loraWANHandler.o
                0x00801a89                CO2_Queue
                0x00801a8b                downlink_payload
 COMMON         0x00801aa1        0xa ResourceHandler.o
                0x00801aa1                local_temperature
                0x00801aa5                local_CO2
                0x00801aa7                local_humidity
 COMMON         0x00801aab        0x2 HumidityTemperatureSensor.o
                0x00801aab                driver_ready_check
 COMMON         0x00801aad       0x16 ../drivers\libIotLibrary.a(hal.o)
                0x00801aad                register_access
 COMMON         0x00801ac3        0x4 d:/atmel studio/7.0/toolchain/avr8/avr8-gnu-toolchain/bin/../lib/gcc/avr/5.4.0/../../../../avr/lib/avr6\libc.a(malloc.o)
                0x00801ac3                __brkval
                0x00801ac5                __flp
 COMMON         0x00801ac7        0x6 d:/atmel studio/7.0/toolchain/avr8/avr8-gnu-toolchain/bin/../lib/gcc/avr/5.4.0/../../../../avr/lib/avr6\libc.a(iob.o)
                0x00801ac7                __iob
                0x00801acd                PROVIDE (__bss_end, .)
                0x00006068                __data_load_start = LOADADDR (.data)
                0x000066c0                __data_load_end = (__data_load_start + SIZEOF (.data))

.noinit         0x00801acd        0x0
                [!provide]                PROVIDE (__noinit_start, .)
 *(.noinit*)
                [!provide]                PROVIDE (__noinit_end, .)
                0x00801acd                _end = .
                0x00801acd                PROVIDE (__heap_start, .)

.eeprom         0x00810000        0x0
 *(.eeprom*)
                0x00810000                __eeprom_end = .

.fuse
 *(.fuse)
 *(.lfuse)
 *(.hfuse)
 *(.efuse)

.lock
 *(.lock*)

.signature
 *(.signature*)

.user_signatures
 *(.user_signatures*)

.stab
 *(.stab)

.stabstr
 *(.stabstr)

.stab.excl
 *(.stab.excl)

.stab.exclstr
 *(.stab.exclstr)

.stab.index
 *(.stab.index)

.stab.indexstr
 *(.stab.indexstr)

.comment        0x00000000       0x5c
 *(.comment)
 .comment       0x00000000       0x30 CO2Sensor.o
                                 0x31 (size before relaxing)
 .comment       0x00000030       0x31 loraWANHandler.o
 .comment       0x00000030       0x31 ResourceHandler.o
 .comment       0x00000030       0x31 FreeRTOS/FreeRTOSTraceDriver/FreeRTOSTraceDriver.o
 .comment       0x00000030       0x31 FreeRTOS/src/event_groups.o
 .comment       0x00000030       0x31 FreeRTOS/src/heap_4.o
 .comment       0x00000030       0x31 FreeRTOS/src/list.o
 .comment       0x00000030       0x31 FreeRTOS/src/port.o
 .comment       0x00000030       0x31 FreeRTOS/src/queue.o
 .comment       0x00000030       0x31 FreeRTOS/src/stream_buffer.o
 .comment       0x00000030       0x31 FreeRTOS/src/tasks.o
 .comment       0x00000030       0x31 FreeRTOS/src/timers.o
 .comment       0x00000030       0x31 FreeRTOS/src/variantHooks.o
 .comment       0x00000030       0x31 HumidityTemperatureSensor.o
 .comment       0x00000030       0x31 main.o
 .comment       0x00000030       0x31 ../drivers\libIotLibrary.a(hal.o)
 .comment       0x00000030       0x31 ../drivers\libIotLibrary.a(hih8120.o)
 .comment       0x00000030       0x31 ../drivers\libIotLibrary.a(led.o)
 .comment       0x00000030       0x31 ../drivers\libIotLibrary.a(lora_driver.o)
 .comment       0x00000030       0x31 ../drivers\libIotLibrary.a(lora_driver_utils.o)
 .comment       0x00000030       0x31 ../drivers\libIotLibrary.a(mega_register_access.o)
 .comment       0x00000030       0x31 ../drivers\libIotLibrary.a(mh_z19.o)
 .comment       0x00000030       0x31 ../drivers\libIotLibrary.a(serial.o)
 .comment       0x00000030       0x31 ../drivers\libIotLibrary.a(stdio_driver.o)
 .comment       0x00000030       0x31 ../drivers\libIotLibrary.a(twi.o)
 .comment       0x00000030       0x31 ../drivers\libIotLibrary.a(fifo.o)
 .comment       0x00000030       0x31 d:/atmel studio/7.0/toolchain/avr8/avr8-gnu-toolchain/bin/../lib/gcc/avr/5.4.0/../../../../avr/lib/avr6\libc.a(calloc.o)
 .comment       0x00000030       0x31 d:/atmel studio/7.0/toolchain/avr8/avr8-gnu-toolchain/bin/../lib/gcc/avr/5.4.0/../../../../avr/lib/avr6\libc.a(malloc.o)
 .comment       0x00000030       0x31 d:/atmel studio/7.0/toolchain/avr8/avr8-gnu-toolchain/bin/../lib/gcc/avr/5.4.0/../../../../avr/lib/avr6\libc.a(iob.o)
 .comment       0x00000030       0x31 d:/atmel studio/7.0/toolchain/avr8/avr8-gnu-toolchain/bin/../lib/gcc/avr/5.4.0/../../../../avr/lib/avr6\libc.a(printf.o)
 .comment       0x00000030       0x31 d:/atmel studio/7.0/toolchain/avr8/avr8-gnu-toolchain/bin/../lib/gcc/avr/5.4.0/../../../../avr/lib/avr6\libc.a(puts.o)
 .comment       0x00000030       0x31 d:/atmel studio/7.0/toolchain/avr8/avr8-gnu-toolchain/bin/../lib/gcc/avr/5.4.0/../../../../avr/lib/avr6\libc.a(sprintf.o)
 .comment       0x00000030       0x2c d:/atmel studio/7.0/toolchain/avr8/avr8-gnu-toolchain/bin/../lib/gcc/avr/5.4.0/../../../../avr/lib/avr6\libc.a(vfprintf_std.o)
                                 0x2d (size before relaxing)
 .comment       0x0000005c       0x31 d:/atmel studio/7.0/toolchain/avr8/avr8-gnu-toolchain/bin/../lib/gcc/avr/5.4.0/../../../../avr/lib/avr6\libc.a(fputc.o)

.note.gnu.avr.deviceinfo
                0x00000000       0x40
 .note.gnu.avr.deviceinfo
                0x00000000       0x40 D:/Atmel studio/7.0/Packs/atmel/ATmega_DFP/1.3.300/gcc/dev/atmega2560/avr6/crtatmega2560.o

.note.gnu.build-id
 *(.note.gnu.build-id)

.debug
 *(.debug)

.line
 *(.line)

.debug_srcinfo
 *(.debug_srcinfo)

.debug_sfnames
 *(.debug_sfnames)

.debug_aranges  0x00000000      0xb28
 *(.debug_aranges)
 .debug_aranges
                0x00000000       0x28 CO2Sensor.o
 .debug_aranges
                0x00000028       0x30 loraWANHandler.o
 .debug_aranges
                0x00000058       0x50 ResourceHandler.o
 .debug_aranges
                0x000000a8       0x30 FreeRTOS/FreeRTOSTraceDriver/FreeRTOSTraceDriver.o
 .debug_aranges
                0x000000d8       0x70 FreeRTOS/src/event_groups.o
 .debug_aranges
                0x00000148       0x48 FreeRTOS/src/heap_4.o
 .debug_aranges
                0x00000190       0x40 FreeRTOS/src/list.o
 .debug_aranges
                0x000001d0       0x48 FreeRTOS/src/port.o
 .debug_aranges
                0x00000218       0xf8 FreeRTOS/src/queue.o
 .debug_aranges
                0x00000310       0xc8 FreeRTOS/src/stream_buffer.o
 .debug_aranges
                0x000003d8      0x1d8 FreeRTOS/src/tasks.o
 .debug_aranges
                0x000005b0       0xa0 FreeRTOS/src/timers.o
 .debug_aranges
                0x00000650       0x30 FreeRTOS/src/variantHooks.o
 .debug_aranges
                0x00000680       0x28 HumidityTemperatureSensor.o
 .debug_aranges
                0x000006a8       0x38 main.o
 .debug_aranges
                0x000006e0       0x20 ../drivers\libIotLibrary.a(hal.o)
 .debug_aranges
                0x00000700       0x68 ../drivers\libIotLibrary.a(hih8120.o)
 .debug_aranges
                0x00000768       0x68 ../drivers\libIotLibrary.a(led.o)
 .debug_aranges
                0x000007d0      0x138 ../drivers\libIotLibrary.a(lora_driver.o)
 .debug_aranges
                0x00000908       0x28 ../drivers\libIotLibrary.a(lora_driver_utils.o)
 .debug_aranges
                0x00000930       0x70 ../drivers\libIotLibrary.a(mega_register_access.o)
 .debug_aranges
                0x000009a0       0x50 ../drivers\libIotLibrary.a(mh_z19.o)
 .debug_aranges
                0x000009f0       0x90 ../drivers\libIotLibrary.a(serial.o)
 .debug_aranges
                0x00000a80       0x38 ../drivers\libIotLibrary.a(stdio_driver.o)
 .debug_aranges
                0x00000ab8       0x50 ../drivers\libIotLibrary.a(twi.o)
 .debug_aranges
                0x00000b08       0x20 ../drivers\libIotLibrary.a(fifo.o)

.debug_pubnames
 *(.debug_pubnames)

.debug_info     0x00000000     0xe5b5
 *(.debug_info .gnu.linkonce.wi.*)
 .debug_info    0x00000000      0xbbc D:/Atmel studio/7.0/Packs/atmel/ATmega_DFP/1.3.300/gcc/dev/atmega2560/avr6/crtatmega2560.o
 .debug_info    0x00000bbc      0x283 CO2Sensor.o
 .debug_info    0x00000e3f      0x8ea loraWANHandler.o
 .debug_info    0x00001729      0x41b ResourceHandler.o
 .debug_info    0x00001b44       0xd3 FreeRTOS/FreeRTOSTraceDriver/FreeRTOSTraceDriver.o
 .debug_info    0x00001c17      0x9ee FreeRTOS/src/event_groups.o
 .debug_info    0x00002605      0x3d4 FreeRTOS/src/heap_4.o
 .debug_info    0x000029d9      0x2dc FreeRTOS/src/list.o
 .debug_info    0x00002cb5      0x284 FreeRTOS/src/port.o
 .debug_info    0x00002f39     0x1910 FreeRTOS/src/queue.o
 .debug_info    0x00004849     0x14b4 FreeRTOS/src/stream_buffer.o
 .debug_info    0x00005cfd     0x27fd FreeRTOS/src/tasks.o
 .debug_info    0x000084fa     0x1115 FreeRTOS/src/timers.o
 .debug_info    0x0000960f      0x1ba FreeRTOS/src/variantHooks.o
 .debug_info    0x000097c9      0x24d HumidityTemperatureSensor.o
 .debug_info    0x00009a16      0x4a0 main.o
 .debug_info    0x00009eb6      0x20d ../drivers\libIotLibrary.a(hal.o)
 .debug_info    0x0000a0c3      0x3a9 ../drivers\libIotLibrary.a(hih8120.o)
 .debug_info    0x0000a46c      0x6d5 ../drivers\libIotLibrary.a(led.o)
 .debug_info    0x0000ab41     0x18a9 ../drivers\libIotLibrary.a(lora_driver.o)
 .debug_info    0x0000c3ea      0x143 ../drivers\libIotLibrary.a(lora_driver_utils.o)
 .debug_info    0x0000c52d      0x2e1 ../drivers\libIotLibrary.a(mega_register_access.o)
 .debug_info    0x0000c80e      0x538 ../drivers\libIotLibrary.a(mh_z19.o)
 .debug_info    0x0000cd46      0xdb3 ../drivers\libIotLibrary.a(serial.o)
 .debug_info    0x0000daf9      0x39c ../drivers\libIotLibrary.a(stdio_driver.o)
 .debug_info    0x0000de95      0x55d ../drivers\libIotLibrary.a(twi.o)
 .debug_info    0x0000e3f2      0x1c3 ../drivers\libIotLibrary.a(fifo.o)

.debug_abbrev   0x00000000     0x3973
 *(.debug_abbrev)
 .debug_abbrev  0x00000000      0xb1a D:/Atmel studio/7.0/Packs/atmel/ATmega_DFP/1.3.300/gcc/dev/atmega2560/avr6/crtatmega2560.o
 .debug_abbrev  0x00000b1a      0x11d CO2Sensor.o
 .debug_abbrev  0x00000c37      0x1d3 loraWANHandler.o
 .debug_abbrev  0x00000e0a      0x10d ResourceHandler.o
 .debug_abbrev  0x00000f17       0x92 FreeRTOS/FreeRTOSTraceDriver/FreeRTOSTraceDriver.o
 .debug_abbrev  0x00000fa9      0x21b FreeRTOS/src/event_groups.o
 .debug_abbrev  0x000011c4      0x224 FreeRTOS/src/heap_4.o
 .debug_abbrev  0x000013e8       0xff FreeRTOS/src/list.o
 .debug_abbrev  0x000014e7      0x158 FreeRTOS/src/port.o
 .debug_abbrev  0x0000163f      0x2d8 FreeRTOS/src/queue.o
 .debug_abbrev  0x00001917      0x2b4 FreeRTOS/src/stream_buffer.o
 .debug_abbrev  0x00001bcb      0x359 FreeRTOS/src/tasks.o
 .debug_abbrev  0x00001f24      0x2f5 FreeRTOS/src/timers.o
 .debug_abbrev  0x00002219      0x101 FreeRTOS/src/variantHooks.o
 .debug_abbrev  0x0000231a      0x11d HumidityTemperatureSensor.o
 .debug_abbrev  0x00002437      0x14c main.o
 .debug_abbrev  0x00002583       0xff ../drivers\libIotLibrary.a(hal.o)
 .debug_abbrev  0x00002682      0x184 ../drivers\libIotLibrary.a(hih8120.o)
 .debug_abbrev  0x00002806      0x228 ../drivers\libIotLibrary.a(led.o)
 .debug_abbrev  0x00002a2e      0x382 ../drivers\libIotLibrary.a(lora_driver.o)
 .debug_abbrev  0x00002db0       0xc0 ../drivers\libIotLibrary.a(lora_driver_utils.o)
 .debug_abbrev  0x00002e70       0xd3 ../drivers\libIotLibrary.a(mega_register_access.o)
 .debug_abbrev  0x00002f43      0x20f ../drivers\libIotLibrary.a(mh_z19.o)
 .debug_abbrev  0x00003152      0x364 ../drivers\libIotLibrary.a(serial.o)
 .debug_abbrev  0x000034b6      0x1be ../drivers\libIotLibrary.a(stdio_driver.o)
 .debug_abbrev  0x00003674      0x217 ../drivers\libIotLibrary.a(twi.o)
 .debug_abbrev  0x0000388b       0xe8 ../drivers\libIotLibrary.a(fifo.o)

.debug_line     0x00000000     0x6b50
 *(.debug_line .debug_line.* .debug_line_end)
 .debug_line    0x00000000      0x1f9 D:/Atmel studio/7.0/Packs/atmel/ATmega_DFP/1.3.300/gcc/dev/atmega2560/avr6/crtatmega2560.o
 .debug_line    0x000001f9      0x19d CO2Sensor.o
 .debug_line    0x00000396      0x2ac loraWANHandler.o
 .debug_line    0x00000642      0x223 ResourceHandler.o
 .debug_line    0x00000865       0xe9 FreeRTOS/FreeRTOSTraceDriver/FreeRTOSTraceDriver.o
 .debug_line    0x0000094e      0x3d9 FreeRTOS/src/event_groups.o
 .debug_line    0x00000d27      0x2f0 FreeRTOS/src/heap_4.o
 .debug_line    0x00001017      0x1c6 FreeRTOS/src/list.o
 .debug_line    0x000011dd      0x2ea FreeRTOS/src/port.o
 .debug_line    0x000014c7      0xbd2 FreeRTOS/src/queue.o
 .debug_line    0x00002099      0x77c FreeRTOS/src/stream_buffer.o
 .debug_line    0x00002815     0x1640 FreeRTOS/src/tasks.o
 .debug_line    0x00003e55      0x54f FreeRTOS/src/timers.o
 .debug_line    0x000043a4      0x162 FreeRTOS/src/variantHooks.o
 .debug_line    0x00004506      0x1e4 HumidityTemperatureSensor.o
 .debug_line    0x000046ea      0x2b3 main.o
 .debug_line    0x0000499d       0xff ../drivers\libIotLibrary.a(hal.o)
 .debug_line    0x00004a9c      0x246 ../drivers\libIotLibrary.a(hih8120.o)
 .debug_line    0x00004ce2      0x31b ../drivers\libIotLibrary.a(led.o)
 .debug_line    0x00004ffd      0x9ab ../drivers\libIotLibrary.a(lora_driver.o)
 .debug_line    0x000059a8      0x194 ../drivers\libIotLibrary.a(lora_driver_utils.o)
 .debug_line    0x00005b3c      0x1af ../drivers\libIotLibrary.a(mega_register_access.o)
 .debug_line    0x00005ceb      0x2d6 ../drivers\libIotLibrary.a(mh_z19.o)
 .debug_line    0x00005fc1      0x636 ../drivers\libIotLibrary.a(serial.o)
 .debug_line    0x000065f7      0x13a ../drivers\libIotLibrary.a(stdio_driver.o)
 .debug_line    0x00006731      0x306 ../drivers\libIotLibrary.a(twi.o)
 .debug_line    0x00006a37      0x119 ../drivers\libIotLibrary.a(fifo.o)

.debug_frame    0x00000000     0x26b4
 *(.debug_frame)
 .debug_frame   0x00000000       0x74 CO2Sensor.o
 .debug_frame   0x00000074      0x11c loraWANHandler.o
 .debug_frame   0x00000190       0xcc ResourceHandler.o
 .debug_frame   0x0000025c       0x44 FreeRTOS/FreeRTOSTraceDriver/FreeRTOSTraceDriver.o
 .debug_frame   0x000002a0      0x1ec FreeRTOS/src/event_groups.o
 .debug_frame   0x0000048c       0xb4 FreeRTOS/src/heap_4.o
 .debug_frame   0x00000540       0x90 FreeRTOS/src/list.o
 .debug_frame   0x000005d0       0x74 FreeRTOS/src/port.o
 .debug_frame   0x00000644      0x3d8 FreeRTOS/src/queue.o
 .debug_frame   0x00000a1c      0x3dc FreeRTOS/src/stream_buffer.o
 .debug_frame   0x00000df8      0x75c FreeRTOS/src/tasks.o
 .debug_frame   0x00001554      0x248 FreeRTOS/src/timers.o
 .debug_frame   0x0000179c       0x44 FreeRTOS/src/variantHooks.o
 .debug_frame   0x000017e0       0xb0 HumidityTemperatureSensor.o
 .debug_frame   0x00001890       0x68 main.o
 .debug_frame   0x000018f8       0x24 ../drivers\libIotLibrary.a(hal.o)
 .debug_frame   0x0000191c       0xc0 ../drivers\libIotLibrary.a(hih8120.o)
 .debug_frame   0x000019dc      0x11c ../drivers\libIotLibrary.a(led.o)
 .debug_frame   0x00001af8      0x460 ../drivers\libIotLibrary.a(lora_driver.o)
 .debug_frame   0x00001f58       0x48 ../drivers\libIotLibrary.a(lora_driver_utils.o)
 .debug_frame   0x00001fa0       0xc4 ../drivers\libIotLibrary.a(mega_register_access.o)
 .debug_frame   0x00002064       0xf8 ../drivers\libIotLibrary.a(mh_z19.o)
 .debug_frame   0x0000215c      0x384 ../drivers\libIotLibrary.a(serial.o)
 .debug_frame   0x000024e0       0x84 ../drivers\libIotLibrary.a(stdio_driver.o)
 .debug_frame   0x00002564      0x12c ../drivers\libIotLibrary.a(twi.o)
 .debug_frame   0x00002690       0x24 ../drivers\libIotLibrary.a(fifo.o)

.debug_str      0x00000000     0x43e7
 *(.debug_str)
 .debug_str     0x00000000      0x3e6 D:/Atmel studio/7.0/Packs/atmel/ATmega_DFP/1.3.300/gcc/dev/atmega2560/avr6/crtatmega2560.o
 .debug_str     0x000003e6      0x2f8 CO2Sensor.o
                                0x348 (size before relaxing)
 .debug_str     0x000006de      0x4cf loraWANHandler.o
                                0x774 (size before relaxing)
 .debug_str     0x00000bad       0xfe ResourceHandler.o
                                0x31c (size before relaxing)
 .debug_str     0x00000cab       0x68 FreeRTOS/FreeRTOSTraceDriver/FreeRTOSTraceDriver.o
                                0x1c5 (size before relaxing)
 .debug_str     0x00000d13      0x3a0 FreeRTOS/src/event_groups.o
                                0x5cf (size before relaxing)
 .debug_str     0x000010b3      0x1e4 FreeRTOS/src/heap_4.o
                                0x385 (size before relaxing)
 .debug_str     0x00001297       0x89 FreeRTOS/src/list.o
                                0x2c2 (size before relaxing)
 .debug_str     0x00001320      0x112 FreeRTOS/src/port.o
                                0x2af (size before relaxing)
 .debug_str     0x00001432      0x671 FreeRTOS/src/queue.o
                                0x9b8 (size before relaxing)
 .debug_str     0x00001aa3      0x541 FreeRTOS/src/stream_buffer.o
                                0x81e (size before relaxing)
 .debug_str     0x00001fe4      0xa78 FreeRTOS/src/tasks.o
                               0x1163 (size before relaxing)
 .debug_str     0x00002a5c      0x43f FreeRTOS/src/timers.o
                                0x850 (size before relaxing)
 .debug_str     0x00002e9b       0x61 FreeRTOS/src/variantHooks.o
                                0x256 (size before relaxing)
 .debug_str     0x00002efc       0xd5 HumidityTemperatureSensor.o
                                0x33f (size before relaxing)
 .debug_str     0x00002fd1       0xbb main.o
                                0x3e0 (size before relaxing)
 .debug_str     0x0000308c       0xc3 ../drivers\libIotLibrary.a(hal.o)
                                0x278 (size before relaxing)
 .debug_str     0x0000314f      0x23b ../drivers\libIotLibrary.a(hih8120.o)
                                0x44a (size before relaxing)
 .debug_str     0x0000338a      0x106 ../drivers\libIotLibrary.a(led.o)
                                0x3cd (size before relaxing)
 .debug_str     0x00003490      0x682 ../drivers\libIotLibrary.a(lora_driver.o)
                                0xd8f (size before relaxing)
 .debug_str     0x00003b12       0x46 ../drivers\libIotLibrary.a(lora_driver_utils.o)
                                0x205 (size before relaxing)
 .debug_str     0x00003b58       0xdf ../drivers\libIotLibrary.a(mega_register_access.o)
                                0x252 (size before relaxing)
 .debug_str     0x00003c37      0x124 ../drivers\libIotLibrary.a(mh_z19.o)
                                0x47a (size before relaxing)
 .debug_str     0x00003d5b      0x2e5 ../drivers\libIotLibrary.a(serial.o)
                                0x639 (size before relaxing)
 .debug_str     0x00004040       0xa4 ../drivers\libIotLibrary.a(stdio_driver.o)
                                0x378 (size before relaxing)
 .debug_str     0x000040e4      0x2e3 ../drivers\libIotLibrary.a(twi.o)
                                0x5a8 (size before relaxing)
 .debug_str     0x000043c7       0x20 ../drivers\libIotLibrary.a(fifo.o)
                                0x237 (size before relaxing)

.debug_loc      0x00000000     0xce98
 *(.debug_loc)
 .debug_loc     0x00000000      0x121 CO2Sensor.o
 .debug_loc     0x00000121      0x498 loraWANHandler.o
 .debug_loc     0x000005b9      0x1a6 ResourceHandler.o
 .debug_loc     0x0000075f       0x42 FreeRTOS/FreeRTOSTraceDriver/FreeRTOSTraceDriver.o
 .debug_loc     0x000007a1      0xead FreeRTOS/src/event_groups.o
 .debug_loc     0x0000164e      0x331 FreeRTOS/src/heap_4.o
 .debug_loc     0x0000197f      0x17d FreeRTOS/src/list.o
 .debug_loc     0x00001afc      0x2af FreeRTOS/src/port.o
 .debug_loc     0x00001dab     0x1c21 FreeRTOS/src/queue.o
 .debug_loc     0x000039cc     0x1db1 FreeRTOS/src/stream_buffer.o
 .debug_loc     0x0000577d     0x3168 FreeRTOS/src/tasks.o
 .debug_loc     0x000088e5      0xcf7 FreeRTOS/src/timers.o
 .debug_loc     0x000095dc       0xb6 FreeRTOS/src/variantHooks.o
 .debug_loc     0x00009692      0x218 HumidityTemperatureSensor.o
 .debug_loc     0x000098aa       0x5e main.o
 .debug_loc     0x00009908       0x2c ../drivers\libIotLibrary.a(hal.o)
 .debug_loc     0x00009934       0x9f ../drivers\libIotLibrary.a(hih8120.o)
 .debug_loc     0x000099d3      0x390 ../drivers\libIotLibrary.a(led.o)
 .debug_loc     0x00009d63     0x1216 ../drivers\libIotLibrary.a(lora_driver.o)
 .debug_loc     0x0000af79      0x1d2 ../drivers\libIotLibrary.a(lora_driver_utils.o)
 .debug_loc     0x0000b14b       0xe9 ../drivers\libIotLibrary.a(mega_register_access.o)
 .debug_loc     0x0000b234      0x3cd ../drivers\libIotLibrary.a(mh_z19.o)
 .debug_loc     0x0000b601     0x1080 ../drivers\libIotLibrary.a(serial.o)
 .debug_loc     0x0000c681      0x144 ../drivers\libIotLibrary.a(stdio_driver.o)
 .debug_loc     0x0000c7c5      0x575 ../drivers\libIotLibrary.a(twi.o)
 .debug_loc     0x0000cd3a      0x15e ../drivers\libIotLibrary.a(fifo.o)

.debug_macinfo
 *(.debug_macinfo)

.debug_weaknames
 *(.debug_weaknames)

.debug_funcnames
 *(.debug_funcnames)

.debug_typenames
 *(.debug_typenames)

.debug_varnames
 *(.debug_varnames)

.debug_pubtypes
 *(.debug_pubtypes)

.debug_ranges   0x00000000      0xb60
 *(.debug_ranges)
 .debug_ranges  0x00000000       0x18 CO2Sensor.o
 .debug_ranges  0x00000018       0x50 loraWANHandler.o
 .debug_ranges  0x00000068       0x40 ResourceHandler.o
 .debug_ranges  0x000000a8       0x20 FreeRTOS/FreeRTOSTraceDriver/FreeRTOSTraceDriver.o
 .debug_ranges  0x000000c8       0x78 FreeRTOS/src/event_groups.o
 .debug_ranges  0x00000140       0x38 FreeRTOS/src/heap_4.o
 .debug_ranges  0x00000178       0x30 FreeRTOS/src/list.o
 .debug_ranges  0x000001a8       0x38 FreeRTOS/src/port.o
 .debug_ranges  0x000001e0      0x178 FreeRTOS/src/queue.o
 .debug_ranges  0x00000358       0xb8 FreeRTOS/src/stream_buffer.o
 .debug_ranges  0x00000410      0x240 FreeRTOS/src/tasks.o
 .debug_ranges  0x00000650       0xe8 FreeRTOS/src/timers.o
 .debug_ranges  0x00000738       0x20 FreeRTOS/src/variantHooks.o
 .debug_ranges  0x00000758       0x18 HumidityTemperatureSensor.o
 .debug_ranges  0x00000770       0x28 main.o
 .debug_ranges  0x00000798       0x10 ../drivers\libIotLibrary.a(hal.o)
 .debug_ranges  0x000007a8       0x58 ../drivers\libIotLibrary.a(hih8120.o)
 .debug_ranges  0x00000800       0x58 ../drivers\libIotLibrary.a(led.o)
 .debug_ranges  0x00000858      0x128 ../drivers\libIotLibrary.a(lora_driver.o)
 .debug_ranges  0x00000980       0x30 ../drivers\libIotLibrary.a(lora_driver_utils.o)
 .debug_ranges  0x000009b0       0x60 ../drivers\libIotLibrary.a(mega_register_access.o)
 .debug_ranges  0x00000a10       0x40 ../drivers\libIotLibrary.a(mh_z19.o)
 .debug_ranges  0x00000a50       0x98 ../drivers\libIotLibrary.a(serial.o)
 .debug_ranges  0x00000ae8       0x28 ../drivers\libIotLibrary.a(stdio_driver.o)
 .debug_ranges  0x00000b10       0x40 ../drivers\libIotLibrary.a(twi.o)
 .debug_ranges  0x00000b50       0x10 ../drivers\libIotLibrary.a(fifo.o)

.debug_macro
 *(.debug_macro)
OUTPUT(IOT_test_3.elf elf32-avr)
LOAD linker stubs
